Archive member included because of file (symbol)

../../wlan_bsp_cpu_high/mb_high/lib\libxil.a(xil_printf.o)
                              ./wlan_mac_high_framework/wlan_exp_common.o (xil_printf)
../../wlan_bsp_cpu_high/mb_high/lib\libxil.a(_exception_handler.o)
                              c:/xilinx/14.4/ise_ds/edk/gnu/microblaze/nt64/bin/../lib/gcc/microblaze-xilinx-elf/4.6.2/../../../../microblaze-xilinx-elf/lib/bs/m/le/crt0.o (_exception_handler)
../../wlan_bsp_cpu_high/mb_high/lib\libxil.a(_program_clean.o)
                              c:/xilinx/14.4/ise_ds/edk/gnu/microblaze/nt64/bin/../lib/gcc/microblaze-xilinx-elf/4.6.2/../../../../microblaze-xilinx-elf/lib/bs/m/le/crtinit.o (_program_clean)
../../wlan_bsp_cpu_high/mb_high/lib\libxil.a(_program_init.o)
                              c:/xilinx/14.4/ise_ds/edk/gnu/microblaze/nt64/bin/../lib/gcc/microblaze-xilinx-elf/4.6.2/../../../../microblaze-xilinx-elf/lib/bs/m/le/crtinit.o (_program_init)
../../wlan_bsp_cpu_high/mb_high/lib\libxil.a(hw_exception_handler.o)
                              c:/xilinx/14.4/ise_ds/edk/gnu/microblaze/nt64/bin/../lib/gcc/microblaze-xilinx-elf/4.6.2/../../../../microblaze-xilinx-elf/lib/bs/m/le/crt0.o (_hw_exception_handler)
../../wlan_bsp_cpu_high/mb_high/lib\libxil.a(microblaze_interrupt_handler.o)
                              c:/xilinx/14.4/ise_ds/edk/gnu/microblaze/nt64/bin/../lib/gcc/microblaze-xilinx-elf/4.6.2/../../../../microblaze-xilinx-elf/lib/bs/m/le/crt0.o (_interrupt_handler)
../../wlan_bsp_cpu_high/mb_high/lib\libxil.a(microblaze_interrupts_g.o)
                              ../../wlan_bsp_cpu_high/mb_high/lib\libxil.a(microblaze_interrupt_handler.o) (MB_InterruptVectorTable)
../../wlan_bsp_cpu_high/mb_high/lib\libxil.a(outbyte.o)
                              ../../wlan_bsp_cpu_high/mb_high/lib\libxil.a(xil_printf.o) (outbyte)
../../wlan_bsp_cpu_high/mb_high/lib\libxil.a(xil_assert.o)
                              ./wlan_mac_high_framework/wlan_mac_schedule.o (Xil_Assert)
../../wlan_bsp_cpu_high/mb_high/lib\libxil.a(xil_exception.o)
                              ./wlan_mac_high_framework/wlan_mac_high.o (Xil_ExceptionInit)
../../wlan_bsp_cpu_high/mb_high/lib\libxil.a(xil_io.o)
                              ./wlan_mac_high_framework/wlan_exp_node.o (Xil_EndianSwap16)
../../wlan_bsp_cpu_high/mb_high/lib\libxil.a(xilnet_eth.o)
                              ./wlan_mac_high_framework/wlan_exp_transport.o (xilnet_eth_set_inf_hw_info)
../../wlan_bsp_cpu_high/mb_high/lib\libxil.a(xilnet_ip.o)
                              ../../wlan_bsp_cpu_high/mb_high/lib\libxil.a(xilnet_eth.o) (xilnet_ip)
../../wlan_bsp_cpu_high/mb_high/lib\libxil.a(xilnet_udp.o)
                              ../../wlan_bsp_cpu_high/mb_high/lib\libxil.a(xilnet_ip.o) (xilnet_udp)
../../wlan_bsp_cpu_high/mb_high/lib\libxil.a(xilnet_config.o)
                              ../../wlan_bsp_cpu_high/mb_high/lib\libxil.a(xilnet_eth.o) (xilnet_init_eth_device_struct)
../../wlan_bsp_cpu_high/mb_high/lib\libxil.a(xilnet_xilsock.o)
                              ./wlan_mac_high_framework/wlan_exp_transport.o (xilsock_socket)
../../wlan_bsp_cpu_high/mb_high/lib\libxil.a(xaxicdma.o)
                              ./wlan_mac_high_framework/wlan_mac_high.o (XAxiCdma_CfgInitialize)
../../wlan_bsp_cpu_high/mb_high/lib\libxil.a(xaxicdma_bdring.o)
                              ../../wlan_bsp_cpu_high/mb_high/lib\libxil.a(xaxicdma.o) (XAxiCdma_BdRingGetCurrBd)
../../wlan_bsp_cpu_high/mb_high/lib\libxil.a(xaxicdma_intr.o)
                              ../../wlan_bsp_cpu_high/mb_high/lib\libxil.a(xaxicdma.o) (XAxiCdma_IntrGetEnabled)
../../wlan_bsp_cpu_high/mb_high/lib\libxil.a(xaxicdma_sinit.o)
                              ./wlan_mac_high_framework/wlan_mac_high.o (XAxiCdma_LookupConfig)
../../wlan_bsp_cpu_high/mb_high/lib\libxil.a(xaxiethernet.o)
                              ./wlan_mac_high_framework/wlan_exp_transport.o (XAxiEthernet_Start)
../../wlan_bsp_cpu_high/mb_high/lib\libxil.a(xaxiethernet_sinit.o)
                              ./wlan_mac_high_framework/wlan_exp_transport.o (XAxiEthernet_LookupConfig)
../../wlan_bsp_cpu_high/mb_high/lib\libxil.a(xaxidma.o)
                              ./wlan_mac_high_framework/wlan_mac_eth_util.o (XAxiDma_CfgInitialize)
../../wlan_bsp_cpu_high/mb_high/lib\libxil.a(xaxidma_bd.o)
                              ./wlan_mac_high_framework/wlan_mac_eth_util.o (XAxiDma_BdSetLength)
../../wlan_bsp_cpu_high/mb_high/lib\libxil.a(xaxidma_bdring.o)
                              ./wlan_mac_high_framework/wlan_mac_eth_util.o (XAxiDma_BdRingCreate)
../../wlan_bsp_cpu_high/mb_high/lib\libxil.a(xaxidma_sinit.o)
                              ./wlan_mac_high_framework/wlan_mac_eth_util.o (XAxiDma_LookupConfig)
../../wlan_bsp_cpu_high/mb_high/lib\libxil.a(xintc.o)
                              ./wlan_mac_high_framework/wlan_mac_high.o (XIntc_Initialize)
../../wlan_bsp_cpu_high/mb_high/lib\libxil.a(xintc_g.o)
[...]
Memory Configuration

Name             Origin             Length             Attributes
mb_high_ilmb_bram_cntlr_0_mb_high_dlmb_bram_cntlr_0 0x00000050         0x0001ffb0
mb_high_ilmb_bram_cntlr_1_mb_high_dlmb_bram_cntlr_1 0x00020000         0x00020000
mb_high_init_bram_ctrl_S_AXI_BASEADDR 0x50000000         0x00001000
pkt_buff_tx_bram_ctrl_S_AXI_BASEADDR 0xbf570000         0x00010000
pkt_buff_rx_bram_ctrl_S_AXI_BASEADDR 0xbf560000         0x00010000
mac_log_bram_ctrl_S_AXI_BASEADDR 0x90000000         0x00002000
mb_high_aux_bram_ctrl_S_AXI_BASEADDR 0xbf540000         0x00010000
ddr3_sodimm_S_AXI_BASEADDR 0xc0000000         0x40000000
*default*        0x00000000         0xffffffff

Linker script and memory map

LOAD c:/xilinx/14.4/ise_ds/edk/gnu/microblaze/nt64/bin/../lib/gcc/microblaze-xilinx-elf/4.6.2/../../../../microblaze-xilinx-elf/lib/bs/m/le/crt0.o
LOAD c:/xilinx/14.4/ise_ds/edk/gnu/microblaze/nt64/bin/../lib/gcc/microblaze-xilinx-elf/4.6.2/bs/m/le/crti.o
LOAD c:/xilinx/14.4/ise_ds/edk/gnu/microblaze/nt64/bin/../lib/gcc/microblaze-xilinx-elf/4.6.2/bs/m/le/crtbegin.o
LOAD c:/xilinx/14.4/ise_ds/edk/gnu/microblaze/nt64/bin/../lib/gcc/microblaze-xilinx-elf/4.6.2/../../../../microblaze-xilinx-elf/lib/bs/m/le/crtinit.o
                [0x00001000]                _STACK_SIZE = DEFINED (_STACK_SIZE)?_STACK_SIZE:0x1000
                [0x00004000]                _HEAP_SIZE = DEFINED (_HEAP_SIZE)?_HEAP_SIZE:0x4000

.vectors.reset  0x00000000        0x8
 *(.vectors.reset)
 .vectors.reset
                0x00000000        0x8 c:/xilinx/14.4/ise_ds/edk/gnu/microblaze/nt64/bin/../lib/gcc/microblaze-xilinx-elf/4.6.2/../../../../microblaze-xilinx-elf/lib/bs/m/le/crt0.o
                0x00000000                _start

.vectors.sw_exception
                0x00000008        0x8
 *(.vectors.sw_exception)
 .vectors.sw_exception
                0x00000008        0x8 c:/xilinx/14.4/ise_ds/edk/gnu/microblaze/nt64/bin/../lib/gcc/microblaze-xilinx-elf/4.6.2/../../../../microblaze-xilinx-elf/lib/bs/m/le/crt0.o

.vectors.interrupt
                0x00000010        0x8
 *(.vectors.interrupt)
 .vectors.interrupt
                0x00000010        0x8 c:/xilinx/14.4/ise_ds/edk/gnu/microblaze/nt64/bin/../lib/gcc/microblaze-xilinx-elf/4.6.2/../../../../microblaze-xilinx-elf/lib/bs/m/le/crt0.o

.vectors.hw_exception
                0x00000020        0x8
 *(.vectors.hw_exception)
 .vectors.hw_exception
                0x00000020        0x8 c:/xilinx/14.4/ise_ds/edk/gnu/microblaze/nt64/bin/../lib/gcc/microblaze-xilinx-elf/4.6.2/../../../../microblaze-xilinx-elf/lib/bs/m/le/crt0.o

.text_bram_1    0x00020000    0x103a8
 *wlan_mac_high_framework*(.text)
 .text          0x00020000      0x310 ./wlan_mac_high_framework/wlan_exp_common.o
                0x00020000                wlan_exp_print_header
                0x00020114                wlan_exp_print_mac_address
                0x00020190                wlan_exp_set_print_level
                0x000201e0                wlan_exp_get_mac_addr
                0x00020214                wlan_exp_put_mac_addr
                0x0002025c                wlan_exp_configure
                0x000202b8                get_station_status
 .text          0x00020310     0x57b8 ./wlan_mac_high_framework/wlan_exp_node.o
                0x00020310                find_statistics_txrx_entry
                0x0002034c                find_station_info_entry
                0x00020388                node_ltg_cleanup
                0x000203a8                zero_bss_info_entry
                0x000203d0                zero_txrx_stats_entry
                0x000203f8                zero_station_info_entry
                0x00020420                copy_bss_info_to_dest_entry
                0x00020510                copy_statistics_txrx_to_dest_entry
                0x00020610                copy_station_info_to_dest_entry
                0x00020700                wlan_exp_null_process_callback
                0x00020764                wlan_exp_null_init_callback
                0x000207c4                wlan_exp_null_callback
                0x00020824                wlan_exp_get_id_in_bss_info
                0x00020878                wlan_exp_get_id_in_statistics
                0x000208e0                wlan_exp_get_id_in_associated_stations
                0x00020974                node_sendEarlyResp
                0x00020a10                node_process_buffer_cmds
                0x00020fe4                wlan_exp_reset_all_callbacks
                0x00021044                wlan_exp_set_init_callback
                0x00021054                wlan_exp_set_process_callback
                0x00021064                wlan_exp_set_reset_station_statistics_callback
                0x00021074                wlan_exp_set_purge_all_data_tx_queue_callback
                0x00021084                wlan_exp_set_reset_all_associations_callback
                0x00021094                wlan_exp_set_reset_bss_info_callback
                0x000210a4                wlan_exp_set_timebase_adjust_callback
                0x000210b4                wlan_exp_set_tx_cmd_add_association_callback
                0x000210c4                node_init_system_monitor
                0x00021160                node_init_parameters
                0x000211f4                node_get_parameters
                0x0002137c                node_get_parameter_values
                0x00021408                node_info_set_wlan_hw_addr
                0x00021454                wlan_exp_node_init
                0x0002170c                wn_get_node_id
                0x0002171c                wn_get_serial_number
                0x0002172c                wn_get_curr_temp
                0x0002173c                wn_get_min_temp
                0x0002174c                wn_get_max_temp
                0x0002175c                create_wn_cmd_log_entry
                0x00021854                node_process_tx_power
                0x00021a10                node_process_tx_rate
                0x00021bdc                node_process_tx_ant_mode
                0x00021d84                node_processCmd
                0x00025918                node_rxFromTransport
 .text          0x00025ac8     0x1174 ./wlan_mac_high_framework/wlan_exp_transport.o
                0x00025ac8                transport_null_callback
                0x00025ad0                transport_processCmd
                0x00025c1c                transport_close
                0x00025c78                transport_set_hw_info
                0x00025d0c                transport_get_hw_addr
                0x00025d2c                transport_get_ip_addr
                0x00025d4c                transport_config_socket
                0x00025e9c                transport_config_sockets
                0x00025f4c                transport_setReceiveCallback
                0x00025f5c                transport_poll
                0x00025f7c                transport_send
                0x0002616c                transport_receiveCallback
                0x00026380                transport_create_async_msg
                0x0002646c                transport_create_async_msg_w_cmd
                0x00026590                transport_linkStatus
                0x00026618                transport_init_parameters
                0x0002669c                transport_init
                0x00026aa4                transport_get_parameters
 .text          0x00026c3c      0x2a0 ./wlan_mac_high_framework/wlan_mac_addr_filter.o
                0x00026c3c                wlan_mac_addr_filter_init
                0x00026c64                wlan_mac_addr_filter_reset
                0x00026cd8                wlan_mac_addr_filter_add
                0x00026dd4                addr_is_allowed
                0x00026e18                wlan_mac_addr_is_warp
                0x00026e44                wlan_mac_addr_filter_is_allowed
 .text          0x00026edc      0x9a4 ./wlan_mac_high_framework/wlan_mac_bss_info.o
                0x00026edc                bss_info_init
                0x00026fb8                bss_info_init_finish
                0x00026fec                print_bss_info
                0x00027164                bss_info_checkout
                0x000271bc                bss_info_checkin
                0x000271e8                wlan_mac_high_find_bss_info_SSID
                0x00027244                wlan_mac_high_find_bss_info_BSSID
                0x000272a0                wlan_mac_high_find_bss_info_oldest_unowned
                0x000272cc                wlan_mac_high_clear_bss_info
                0x0002737c                wlan_mac_high_create_bss_info
                0x000274dc                bss_info_timestamp_check
                0x00027588                bss_info_rx_process
                0x00027870                wlan_mac_high_get_bss_info_list
 .text          0x00027880      0x18c ./wlan_mac_high_framework/wlan_mac_dl_list.o
                0x00027880                dl_entry_insertAfter
                0x000278b4                dl_entry_insertBefore
                0x000278e8                dl_entry_insertBeginning
                0x00027930                dl_entry_insertEnd
                0x00027968                dl_entry_remove
                0x000279d0                dl_list_init
 .text          0x00027a0c      0xc0c ./wlan_mac_high_framework/wlan_mac_entries.o
                0x00027a0c                wlan_exp_log_get_entry_en_mask
                0x00027a1c                wlan_exp_log_set_entry_en_mask
                0x00027a2c                wlan_exp_log_set_mac_payload_len
                0x00027a70                wlan_exp_log_create_entry
                0x00027a90                wlan_exp_log_get_txrx_entry_sizes
                0x00027c40                wlan_exp_log_create_rx_entry
                0x000280e4                wlan_exp_log_create_tx_entry
                0x00028260                wlan_exp_log_create_tx_low_entry
 .text          0x00028618     0x1138 ./wlan_mac_high_framework/wlan_mac_eth_util.o
                0x00028618                wlan_mac_util_set_eth_rx_callback
                0x00028628                wlan_mac_util_set_eth_encap_mode
                0x00028638                eth_get_num_rx_bd
                0x00028648                wlan_eth_setup_interrupt
                0x000286c4                wlan_eth_dma_init
                0x00028a18                wlan_eth_init
                0x00028b7c                wlan_eth_dma_send
                0x00028d4c                wlan_mpdu_eth_send
                0x000291a0                wlan_eth_encap
                0x00029440                wlan_eth_dma_update
                0x000295c8                wlan_poll_eth_rx
                0x00029718                eth_rx_interrupt_handler
 .text          0x00029750      0xf6c ./wlan_mac_high_framework/wlan_mac_event_log.o
                0x00029750                event_log_config_wrap
                0x0002978c                event_log_config_logging
                0x000297c8                event_log_get_data
                0x00029888                event_log_get_size
                0x000298c4                event_log_get_capacity
                0x000298d4                event_log_get_next_entry_index
                0x000298ec                event_log_get_oldest_entry_index
                0x00029904                event_log_get_total_size
                0x00029958                event_log_get_num_wraps
                0x00029968                event_log_get_flags
                0x0002998c                event_log_update_type
                0x00029a08                print_event_log_size
                0x00029a98                wn_transmit_log_entry
                0x00029b40                add_node_info_entry
                0x00029c28                event_log_reset
                0x00029ca4                event_log_move_oldest_address
                0x00029d40                event_log_increment_oldest_address
                0x00029de4                event_log_get_next_empty_address
                0x0002a174                event_log_get_next_empty_entry
                0x0002a228                event_log_init
                0x0002a33c                add_txrx_statistics_to_log
                0x0002a3e0                add_all_txrx_statistics_to_log
                0x0002a450                add_station_info_to_log
                0x0002a50c                add_station_info_w_stats_to_log
                0x0002a55c                add_all_station_info_to_log
                0x0002a600                add_temperature_to_log
 .text          0x0002a6bc     0x2e5c ./wlan_mac_high_framework/wlan_mac_high.o
                0x0002a6bc                wlan_mac_high_gpio_handler
                0x0002a774                wlan_mac_high_uart_rx_handler
                0x0002a7bc                wlan_mac_high_heap_init
                0x0002a88c                wlan_mac_high_interrupt_init
                0x0002aa7c                wlan_mac_high_interrupt_restore_state
                0x0002aae0                wlan_mac_high_interrupt_stop
                0x0002ab40                wlan_mac_high_find_station_info_AID
                0x0002ab68                wlan_mac_high_find_station_info_ADDR
                0x0002abc0                wlan_mac_high_find_statistics_ADDR
                0x0002ac48                wlan_mac_high_get_user_io_state
                0x0002ac70                wlan_mac_high_set_pb_u_callback
                0x0002ac80                wlan_mac_high_set_pb_m_callback
                0x0002ac90                wlan_mac_high_set_pb_d_callback
                0x0002aca0                wlan_mac_high_set_uart_rx_callback
                0x0002acb0                wlan_mac_high_set_mpdu_tx_done_callback
                0x0002acc0                wlan_mac_high_set_mpdu_rx_callback
                0x0002acd0                wlan_mac_high_set_poll_tx_queues_callback
                0x0002ace0                wlan_mac_high_set_mpdu_dequeue_callback
                0x0002acf0                get_usec_timestamp
                0x0002adb8                wlan_mac_high_display_mallinfo
                0x0002aec8                wlan_mac_high_malloc
                0x0002af24                wlan_mac_high_calloc
                0x0002af70                wlan_mac_high_realloc
                0x0002afcc                wlan_mac_high_free
                0x0002b000                wlan_mac_high_enable_hex_pwm
                0x0002b020                wlan_mac_high_disable_hex_pwm
                0x0002b040                wlan_mac_high_write_hex_display
                0x0002b108                wlan_mac_high_set_node_error_status
                0x0002b158                sevenSegmentMap
                0x0002b178                wlan_mac_high_right_shift_test
                0x0002b238                wlan_mac_high_cdma_finish_transfer
                0x0002b264                wlan_mac_high_cdma_start_transfer
                0x0002b384                wlan_mac_high_mpdu_transmit
                0x0002b59c                wlan_mac_high_get_unique_seq
                0x0002b5b8                wlan_mac_high_get_hw_info
                0x0002b5c8                wlan_mac_high_get_eeprom_mac_addr
                0x0002b5d8                wlan_mac_high_valid_tagged_rate
                0x0002b6a4                wlan_mac_high_tagged_rate_to_readable_rate
                0x0002b830                wlan_mac_high_setup_tx_header
                0x0002b83c                wlan_mac_high_setup_tx_frame_info
                0x0002b8b8                wlan_mac_high_set_srand
                0x0002b8f4                wlan_mac_high_set_channel
                0x0002b964                wlan_mac_high_set_rx_ant_mode
                0x0002b9d4                wlan_mac_high_set_tx_ctrl_pow
                0x0002ba10                wlan_mac_high_set_rx_filter_mode
                0x0002ba4c                wlan_mac_high_write_low_mem
                0x0002ba98                wlan_mac_high_read_low_mem
                0x0002bb40                wlan_mac_high_read_low_param
                0x0002bc00                wlan_mac_high_set_dsss
                0x0002bc44                wlan_mac_high_set_timestamp
                0x0002bc88                wlan_mac_high_set_timestamp_delta
                0x0002bcd0                wlan_mac_high_request_low_state
                0x0002bd04                wlan_mac_high_is_ready_for_tx
                0x0002bd1c                wlan_mac_high_lock_new_tx_packet_buffer
                0x0002bddc                wlan_mac_high_release_tx_packet_buffer
                0x0002be64                wlan_mac_high_process_ipc_msg
                0x0002c14c                wlan_mac_high_ipc_rx
                0x0002c18c                wlan_mac_high_is_cpu_low_initialized
                0x0002c1b4                wlan_mac_high_pkt_type
                0x0002c248                wlan_mac_high_set_debug_gpio
                0x0002c298                wlan_mac_high_clear_debug_gpio
                0x0002c2ec                str2num
                0x0002c36c                usleep
                0x0002c3cc                wlan_mac_high_memory_test
                0x0002c6b0                wlan_mac_high_blink_hex_display
                0x0002c8c4                wlan_mac_high_init
                0x0002cc74                wlan_mac_high_is_valid_association
                0x0002cca0                wlan_mac_high_set_max_associations
                0x0002ccd4                wlan_mac_high_get_max_associations
                0x0002cce4                wlan_mac_high_print_associations
                0x0002cd90                wlan_mac_high_remove_association
                0x0002cec8                wlan_mac_high_add_statistics
                0x0002d094                wlan_mac_high_add_association
                0x0002d37c                wlan_mac_high_reset_statistics
                0x0002d41c                wlan_mac_high_update_tx_statistics
 .text          0x0002d518     0x1324 ./wlan_mac_high_framework/wlan_mac_ltg.o
                0x0002d518                wlan_mac_ltg_sched_set_callback
                0x0002d528                ltg_sched_create_l
                0x0002d594                ltg_sched_stop_l
                0x0002d628                ltg_sched_stop_all
                0x0002d694                ltg_sched_check
                0x0002d88c                ltg_sched_destroy_params
                0x0002d8d8                ltg_sched_destroy_l
                0x0002d924                ltg_sched_remove_all
                0x0002d9d0                ltg_sched_start_l
                0x0002dbdc                ltg_sched_start_all
                0x0002dc80                ltg_sched_create
                0x0002df00                ltg_sched_find_tg_schedule
                0x0002df2c                ltg_sched_remove
                0x0002dfd8                wlan_mac_ltg_sched_init
                0x0002e048                ltg_sched_get_callback_arg
                0x0002e088                ltg_sched_get_params
                0x0002e0c8                ltg_sched_get_state
                0x0002e1a8                ltg_sched_stop
                0x0002e214                ltg_sched_start
                0x0002e280                wlan_create_ltg_frame
                0x0002e308                ltg_sched_deserialize
                0x0002e5b0                ltg_payload_deserialize
 .text          0x0002e83c      0xdc4 ./wlan_mac_high_framework/wlan_mac_packet_types.o
                0x0002e83c                wlan_create_beacon_probe_resp_frame
                0x0002eb28                wlan_create_measurement_req_frame
                0x0002ec44                wlan_create_channel_switch_announcement_frame
                0x0002ed24                wlan_create_probe_req_frame
                0x0002eec0                wlan_create_auth_frame
                0x0002ef84                wlan_create_deauth_frame
                0x0002f040                wlan_create_reassoc_assoc_req_frame
                0x0002f324                wlan_create_association_response_frame
                0x0002f440                wlan_create_data_frame
                0x0002f4f8                wlan_create_rts_frame
                0x0002f570                wlan_create_cts_frame
                0x0002f5b8                wlan_create_ack_frame
 .text          0x0002f600      0x55c ./wlan_mac_high_framework/wlan_mac_queue.o
                0x0002f600                queue_init
                0x0002f724                queue_total_size
                0x0002f734                enqueue_after_tail
                0x0002f850                dequeue_from_head
                0x0002f8b0                queue_num_free
                0x0002f8c0                queue_num_queued
                0x0002f8f0                queue_checkout
                0x0002f940                queue_checkin
                0x0002f96c                purge_queue
                0x0002fa3c                queue_checkout_list
                0x0002fad0                dequeue_transmit_checkin
 .text          0x0002fb5c      0x84c ./wlan_mac_high_framework/wlan_mac_schedule.o
                0x0002fb5c                timer_handler
                0x0002fe10                XTmrCtr_CustomInterruptHandler
                0x0002fee4                wlan_mac_schedule_init
                0x0002ffdc                wlan_mac_schedule_setup_interrupt
                0x00030030                wlan_mac_schedule_event_repeated
                0x00030234                find_schedule
                0x000302a4                wlan_mac_remove_schedule

.text           0x00000050    0x183b8
 *(.text)
 .text          0x00000050       0x34 c:/xilinx/14.4/ise_ds/edk/gnu/microblaze/nt64/bin/../lib/gcc/microblaze-xilinx-elf/4.6.2/../../../../microblaze-xilinx-elf/lib/bs/m/le/crt0.o
                0x00000050                _start1
                0x00000080                _exit
 .text          0x00000084        0x0 c:/xilinx/14.4/ise_ds/edk/gnu/microblaze/nt64/bin/../lib/gcc/microblaze-xilinx-elf/4.6.2/bs/m/le/crti.o
 .text          0x00000084      0x118 c:/xilinx/14.4/ise_ds/edk/gnu/microblaze/nt64/bin/../lib/gcc/microblaze-xilinx-elf/4.6.2/bs/m/le/crtbegin.o
 .text          0x0000019c       0xb0 c:/xilinx/14.4/ise_ds/edk/gnu/microblaze/nt64/bin/../lib/gcc/microblaze-xilinx-elf/4.6.2/../../../../microblaze-xilinx-elf/lib/bs/m/le/crtinit.o
                0x0000019c                _crtinit
 .text          0x0000024c      0x604 ./wlan_mac_common/wlan_mac_ipc_util.o
                0x0000024c                nullCallback
                0x00000254                MailboxIntrHandler
                0x000002d8                wlan_lib_mailbox_setup_interrupt
                0x00000380                wlan_lib_mailbox_set_rx_callback
                0x00000390                wlan_lib_mac_rate_to_mbps
                0x000003b4                wlan_lib_channel_verify
                0x000003dc                lock_pkt_buf_tx
                0x00000428                lock_pkt_buf_rx
                0x00000474                unlock_pkt_buf_tx
                0x000004c0                unlock_pkt_buf_rx
                0x0000050c                wlan_lib_init
                0x000005c0                status_pkt_buf_tx
                0x0000060c                status_pkt_buf_rx
                0x00000658                ipc_mailbox_write_msg
                0x00000708                ipc_mailbox_read_isempty
                0x00000730                ipc_mailbox_read_msg
 .text          0x00000850      0xf24 ./src/wlan_exp_node_ap.o
                0x00000850                wlan_exp_node_ap_processCmd
 .text          0x00001774     0x1b20 ./src/wlan_mac_ap.o
                0x00001774                up_button
                0x0000177c                association_timestamp_adjust
                0x000017c8                mpdu_dequeue
                0x00001a70                purge_all_data_tx_queue
                0x00001ad0                reset_bss_info
                0x00001b58                reset_station_statistics
                0x00001b80                ethernet_receive
                0x00001d5c                beacon_transmit
                0x00001e20                ltg_event
                0x000020c0                mpdu_transmit_done
                0x00002200                poll_tx_queues
                0x000023f4                send_channel_switch_announcement
                0x000024c0                get_station_info_list
                0x000024d8                get_statistics
                0x000024e8                get_wlan_mac_addr
                0x000024f8                ap_write_hex_display
                0x000025ec                deauthenticate_station
                0x00002734                deauthenticate_stations
                0x00002774                reset_all_associations
                0x000027a4                association_timestamp_check
                0x000028e4                mpdu_rx_process
 .text          0x00003294      0xd9c ./src/wlan_mac_ap_uart_menu.o
                0x00003294                print_station_status
                0x00003540                print_ssid_menu
                0x000035ac                print_queue_status
                0x000036cc                print_menu
                0x000037e4                print_all_observed_statistics
                0x00003980                stop_periodic_print
                0x000039c0                start_periodic_print
                0x00003a1c                uart_rx
                0x00003fcc                is_qwerty_row
                0x00004004                qwerty_row_to_number
 .text          0x00004030      0x604 ../../wlan_bsp_cpu_high/mb_high/lib\libxil.a(xil_printf.o)
                0x0000421c                xil_printf
 .text          0x00004634        0x8 ../../wlan_bsp_cpu_high/mb_high/lib\libxil.a(_exception_handler.o)
                0x00004634                _exception_handler
 .text          0x0000463c        0x8 ../../wlan_bsp_cpu_high/mb_high/lib\libxil.a(_program_clean.o)
                0x0000463c                _program_clean
 .text          0x00004644        0x8 ../../wlan_bsp_cpu_high/mb_high/lib\libxil.a(_program_init.o)
                0x00004644                _program_init
 *fill*         0x0000464c        0x4 00
 .text          0x00004650      0x480 ../../wlan_bsp_cpu_high/mb_high/lib\libxil.a(hw_exception_handler.o)
                0x00004650                _hw_exception_handler
 .text          0x00004ad0       0xb8 ../../wlan_bsp_cpu_high/mb_high/lib\libxil.a(microblaze_interrupt_handler.o)
                0x00004ad0                _interrupt_handler
                0x00004ad0                __interrupt_handler
                0x00004b74                microblaze_register_handler
 .text          0x00004b88        0x0 ../../wlan_bsp_cpu_high/mb_high/lib\libxil.a(microblaze_interrupts_g.o)
 .text          0x00004b88       0x2c ../../wlan_bsp_cpu_high/mb_high/lib\libxil.a(outbyte.o)
                0x00004b88                outbyte
 .text          0x00004bb4       0x48 ../../wlan_bsp_cpu_high/mb_high/lib\libxil.a(xil_assert.o)
                0x00004bb4                Xil_Assert
                0x00004bec                Xil_AssertSetCallback
 .text          0x00004bfc       0xe8 ../../wlan_bsp_cpu_high/mb_high/lib\libxil.a(xil_exception.o)
                0x00004c04                Xil_ExceptionInit
                0x00004c0c                Xil_ExceptionEnable
                0x00004c38                Xil_ExceptionDisable
                0x00004c64                Xil_ExceptionRegisterHandler
                0x00004c9c                Xil_ExceptionRemoveHandler
 .text          0x00004ce4      0x118 ../../wlan_bsp_cpu_high/mb_high/lib\libxil.a(xil_io.o)
                0x00004ce4                Xil_EndianSwap16
                0x00004d00                Xil_EndianSwap32
                0x00004d38                Xil_In16BE
                0x00004d60                Xil_In32BE
                0x00004d9c                Xil_Out16BE
                0x00004dbc                Xil_Out32BE
 .text          0x00004dfc      0xf5c ../../wlan_bsp_cpu_high/mb_high/lib\libxil.a(xilnet_eth.o)
                0x00004dfc                xilnet_eth_print_err_msg
                0x00004eec                xilnet_eth_set_inf_hw_info
                0x00004f88                xilnet_eth_device_init
                0x00005150                xilnet_eth_get_inf_ip_addr
                0x000051d0                xilnet_eth_get_inf_hw_addr
                0x00005250                xilnet_eth_device_start
                0x0000531c                xilnet_eth_init_hw_addr
                0x00005448                xilnet_eth_recv_frame
                0x00005634                xilnet_eth_get_hw_addr
                0x000056f4                xilnet_eth_send_frame
                0x00005920                xilnet_eth_init_hw_addr_tbl
                0x0000595c                xilnet_eth_find_old_entry
                0x00005a34                xilnet_eth_add_hw_tbl_entry
                0x00005b70                xilnet_eth_update_hw_tbl
 .text          0x00005d58      0x3e8 ../../wlan_bsp_cpu_high/mb_high/lib\libxil.a(xilnet_ip.o)
                0x00005d58                xilnet_ip_init
                0x00005df4                xilnet_ip
                0x00005f8c                xilnet_ip_calc_chksum
                0x00006010                xilnet_ip_header
 .text          0x00006140      0x3d0 ../../wlan_bsp_cpu_high/mb_high/lib\libxil.a(xilnet_udp.o)
                0x00006140                xilnet_udp
                0x000062a4                xilnet_udp_header
                0x00006314                xilnet_udp_tcp_calc_chksum
                0x0000641c                xilnet_udp_init_conns
                0x00006448                xilnet_udp_open_conn
                0x000064c4                xilnet_udp_close_conn
 .text          0x00006510      0x170 ../../wlan_bsp_cpu_high/mb_high/lib\libxil.a(xilnet_config.o)
                0x00006510                xilnet_init_eth_device_struct
 .text          0x00006680      0x7d0 ../../wlan_bsp_cpu_high/mb_high/lib\libxil.a(xilnet_xilsock.o)
                0x00006680                xilsock_print_error_msg
                0x000066c0                xilsock_init
                0x00006760                xilsock_rel_socket
                0x000067b8                xilsock_socket
                0x000068cc                xilsock_bind
                0x000069ec                xilsock_listen
                0x00006a40                xilsock_recv
                0x00006b2c                xilsock_send
                0x00006b58                xilsock_recvfrom
                0x00006c90                xilsock_sendto
                0x00006d8c                xilsock_close
 .text          0x00006e50      0x570 ../../wlan_bsp_cpu_high/mb_high/lib\libxil.a(xaxicdma.o)
                0x00006e50                XAxiCdma_GetError
                0x00006e60                XAxiCdma_Reset
                0x00006e88                XAxiCdma_ResetIsDone
                0x00006ea0                XAxiCdma_CfgInitialize
                0x00006f80                XAxiCdma_IsBusy
                0x00006f98                XAxiCdma_IsSimpleMode
                0x00006fb0                XAxiCdma_SwitchMode
                0x000070bc                XAxiCdma_SimpleTransfer
                0x00007218                XAxiCdma_SetCoalesce
                0x000072ac                XAxiCdma_GetCoalesce
                0x000072e4                XAxiCdma_DumpRegisters
 .text          0x000073c0      0xab8 ../../wlan_bsp_cpu_high/mb_high/lib\libxil.a(xaxicdma_bdring.o)
                0x000073c0                XAxiCdma_BdRingCntCalc
                0x000073fc                XAxiCdma_BdRingMemCalc
                0x00007410                XAxiCdma_BdRingGetCnt
                0x00007418                XAxiCdma_BdRingGetFreeCnt
                0x00007420                XAxiCdma_BdRingSnapShotCurrBd
                0x00007470                XAxiCdma_BdRingGetCurrBd
                0x00007480                XAxiCdma_BdRingNext
                0x000074c8                XAxiCdma_BdRingPrev
                0x00007510                XAxiCdma_BdRingCreate
                0x00007754                XAxiCdma_BdRingClone
                0x0000781c                XAxiCdma_BdRingAlloc
                0x00007884                XAxiCdma_BdRingUnAlloc
                0x0000790c                XAxiCdma_BdRingToHw
                0x00007b8c                XAxiCdma_BdRingFromHw
                0x00007ce4                XAxiCdma_BdRingFree
                0x00007dc4                XAxiCdma_BdRingStartTransfer
 .text          0x00007e78      0x194 ../../wlan_bsp_cpu_high/mb_high/lib\libxil.a(xaxicdma_intr.o)
                0x00007e78                XAxiCdma_IntrEnable
                0x00007e94                XAxiCdma_IntrGetEnabled
                0x00007ea4                XAxiCdma_IntrDisable
                0x00007ec4                XAxiCdma_IntrHandler
 .text          0x0000800c       0x24 ../../wlan_bsp_cpu_high/mb_high/lib\libxil.a(xaxicdma_sinit.o)
                0x0000800c                XAxiCdma_LookupConfig
 .text          0x00008030     0x135c ../../wlan_bsp_cpu_high/mb_high/lib\libxil.a(xaxiethernet.o)
                0x00008114                XAxiEthernet_Start
                0x00008210                XAxiEthernet_Stop
                0x000082d8                XAxiEthernet_SetMacAddress
                0x00008458                XAxiEthernet_GetMacAddress
                0x0000858c                XAxiEthernet_SetOptions
                0x0000883c                XAxiEthernet_ClearOptions
                0x00008ae4                XAxiEthernet_GetOptions
                0x00008b80                XAxiEthernet_GetOperatingSpeed
                0x00008c64                XAxiEthernet_SetOperatingSpeed
                0x00008de4                XAxiEthernet_SetBadFrmRcvOption
                0x00008dfc                XAxiEthernet_ClearBadFrmRcvOption
                0x00008e14                XAxiEthernet_DisableControlFrameLenCheck
                0x00008e30                XAxiEthernet_EnableControlFrameLenCheck
                0x00008e4c                XAxiEthernet_PhySetMdioDivisor
                0x00008f14                XAxiEthernet_Reset
                0x000090b8                XAxiEthernet_CfgInitialize
                0x00009178                XAxiEthernet_PhyRead
                0x00009284                XAxiEthernet_PhyWrite
 .text          0x0000938c       0x40 ../../wlan_bsp_cpu_high/mb_high/lib\libxil.a(xaxiethernet_sinit.o)
                0x0000938c                XAxiEthernet_LookupConfig
 .text          0x000093cc      0x758 ../../wlan_bsp_cpu_high/mb_high/lib\libxil.a(xaxidma.o)
                0x000093cc                XAxiDma_Reset
                0x000094dc                XAxiDma_ResetIsDone
                0x00009520                XAxiDma_CfgInitialize
                0x00009700                XAxiDma_Pause
                0x00009794                XAxiDma_Resume
                0x000099a8                XAxiDma_Busy
                0x000099c8                XAxiDma_SelectKeyHole
                0x000099f8                XAxiDma_SimpleTransfer
 .text          0x00009b24      0x280 ../../wlan_bsp_cpu_high/mb_high/lib\libxil.a(xaxidma_bd.o)
                0x00009b24                XAxiDma_BdSetLength
                0x00009b58                XAxiDma_BdSetBufAddr
                0x00009bb8                XAxiDma_BdSetAppWord
                0x00009bec                XAxiDma_BdGetAppWord
                0x00009c24                XAxiDma_BdSetCtrl
                0x00009c44                XAxiDma_DumpBd
 .text          0x00009da4      0xd48 ../../wlan_bsp_cpu_high/mb_high/lib\libxil.a(xaxidma_bdring.o)
                0x00009da4                XAxiDma_UpdateBdRingCDesc
                0x00009e94                XAxiDma_BdRingCreate
                0x0000a06c                XAxiDma_BdRingClone
                0x0000a144                XAxiDma_StartBdRingHw
                0x0000a248                XAxiDma_BdRingStart
                0x0000a27c                XAxiDma_BdRingSetCoalesce
                0x0000a2e8                XAxiDma_BdRingGetCoalesce
                0x0000a30c                XAxiDma_BdRingAlloc
                0x0000a384                XAxiDma_BdRingUnAlloc
                0x0000a428                XAxiDma_BdRingToHw
                0x0000a658                XAxiDma_BdRingFromHw
                0x0000a7dc                XAxiDma_BdRingFree
                0x0000a858                XAxiDma_BdRingCheck
                0x0000a9c8                XAxiDma_BdRingDumpRegs
 .text          0x0000aaec       0x24 ../../wlan_bsp_cpu_high/mb_high/lib\libxil.a(xaxidma_sinit.o)
                0x0000aaec                XAxiDma_LookupConfig
 .text          0x0000ab10      0xc18 ../../wlan_bsp_cpu_high/mb_high/lib\libxil.a(xintc.o)
                0x0000ab68                XIntc_Initialize
                0x0000acf8                XIntc_Start
                0x0000ade8                XIntc_Stop
                0x0000ae78                XIntc_Connect
                0x0000af88                XIntc_Disconnect
                0x0000b08c                XIntc_Enable
                0x0000b168                XIntc_Disable
                0x0000b248                XIntc_Acknowledge
                0x0000b31c                XIntc_LookupConfig
                0x0000b340                XIntc_ConnectFastHandler
                0x0000b544                XIntc_SetNormalIntrMode
 .text          0x0000b728        0x0 ../../wlan_bsp_cpu_high/mb_high/lib\libxil.a(xintc_g.o)
 .text          0x0000b728       0x7c ../../wlan_bsp_cpu_high/mb_high/lib\libxil.a(xintc_intr.o)
                0x0000b728                XIntc_VoidInterruptHandler
                0x0000b748                XIntc_InterruptHandler
 .text          0x0000b7a4      0x1e8 ../../wlan_bsp_cpu_high/mb_high/lib\libxil.a(xintc_l.o)
                0x0000b7a4                XIntc_DeviceInterruptHandler
                0x0000b89c                XIntc_LowLevelInterruptHandler
                0x0000b8b8                XIntc_SetIntrSvcOption
                0x0000b8e0                XIntc_RegisterHandler
                0x0000b914                XIntc_RegisterFastHandler
 .text          0x0000b98c      0x41c ../../wlan_bsp_cpu_high/mb_high/lib\libxil.a(xgpio.o)
                0x0000b98c                XGpio_CfgInitialize
                0x0000ba00                XGpio_SetDataDirection
                0x0000badc                XGpio_GetDataDirection
                0x0000bbd4                XGpio_DiscreteRead
                0x0000bccc                XGpio_DiscreteWrite
 .text          0x0000bda8      0x5d8 ../../wlan_bsp_cpu_high/mb_high/lib\libxil.a(xgpio_intr.o)
                0x0000bda8                XGpio_InterruptGlobalEnable
                0x0000be74                XGpio_InterruptGlobalDisable
                0x0000bf38                XGpio_InterruptEnable
                0x0000c004                XGpio_InterruptDisable
                0x0000c0d4                XGpio_InterruptClear
                0x0000c1a0                XGpio_InterruptGetEnabled
                0x0000c290                XGpio_InterruptGetStatus
 .text          0x0000c380       0xe8 ../../wlan_bsp_cpu_high/mb_high/lib\libxil.a(xgpio_sinit.o)
                0x0000c380                XGpio_LookupConfig
                0x0000c3c0                XGpio_Initialize
 .text          0x0000c468      0x7cc ../../wlan_bsp_cpu_high/mb_high/lib\libxil.a(xtmrctr.o)
                0x0000c468                XTmrCtr_Initialize
                0x0000c5a0                XTmrCtr_Start
                0x0000c690                XTmrCtr_Stop
                0x0000c76c                XTmrCtr_GetValue
                0x0000c860                XTmrCtr_SetResetValue
                0x0000c938                XTmrCtr_GetCaptureValue
                0x0000ca2c                XTmrCtr_Reset
                0x0000cb18                XTmrCtr_IsExpired
                0x0000cc10                XTmrCtr_LookupConfig
 .text          0x0000cc34        0x0 ../../wlan_bsp_cpu_high/mb_high/lib\libxil.a(xtmrctr_g.o)
 .text          0x0000cc34      0x1c8 ../../wlan_bsp_cpu_high/mb_high/lib\libxil.a(xtmrctr_intr.o)
                0x0000cc34                XTmrCtr_SetHandler
                0x0000ccec                XTmrCtr_InterruptHandler
 .text          0x0000cdfc        0x0 ../../wlan_bsp_cpu_high/mb_high/lib\libxil.a(xtmrctr_l.o)
 .text          0x0000cdfc      0x240 ../../wlan_bsp_cpu_high/mb_high/lib\libxil.a(xtmrctr_options.o)
                0x0000cdfc                XTmrCtr_SetOptions
                0x0000cf1c                XTmrCtr_GetOptions
 .text          0x0000d03c      0x5e8 ../../wlan_bsp_cpu_high/mb_high/lib\libxil.a(xuartlite.o)
                0x0000d070                XUartLite_CfgInitialize
                0x0000d10c                XUartLite_ResetFifos
                0x0000d1a4                XUartLite_IsSending
                0x0000d218                XUartLite_SendBuffer
                0x0000d2c0                XUartLite_Send
                0x0000d40c                XUartLite_ReceiveBuffer
                0x0000d4d8                XUartLite_Recv
 .text          0x0000d624      0x384 ../../wlan_bsp_cpu_high/mb_high/lib\libxil.a(xuartlite_intr.o)
                0x0000d624                XUartLite_SetRecvHandler
                0x0000d6dc                XUartLite_SetSendHandler
                0x0000d794                XUartLite_InterruptHandler
                0x0000d88c                XUartLite_DisableInterrupt
                0x0000d918                XUartLite_EnableInterrupt
 .text          0x0000d9a8       0x38 ../../wlan_bsp_cpu_high/mb_high/lib\libxil.a(xuartlite_l.o)
                0x0000d9a8                XUartLite_SendByte
                0x0000d9c4                XUartLite_RecvByte
 .text          0x0000d9e0       0xb0 ../../wlan_bsp_cpu_high/mb_high/lib\libxil.a(xuartlite_sinit.o)
                0x0000d9e0                XUartLite_LookupConfig
                0x0000da04                XUartLite_Initialize
 .text          0x0000da90      0x188 ../../wlan_bsp_cpu_high/mb_high/lib\libxil.a(xuartlite_stats.o)
                0x0000da90                XUartLite_GetStats
                0x0000db78                XUartLite_ClearStats
 .text          0x0000dc18      0xd28 ../../wlan_bsp_cpu_high/mb_high/lib\libxil.a(xmbox.o)
                0x0000dc18                XMbox_CfgInitialize
                0x0000dd48                XMbox_Read
                0x0000df48                XMbox_ReadBlocking
                0x0000e08c                XMbox_Write
                0x0000e288                XMbox_WriteBlocking
                0x0000e3cc                XMbox_IsEmpty
                0x0000e450                XMbox_IsFull
                0x0000e4d4                XMbox_Flush
                0x0000e568                XMbox_SetInterruptEnable
                0x0000e5ec                XMbox_GetInterruptEnable
                0x0000e684                XMbox_GetInterruptStatus
                0x0000e71c                XMbox_ClearInterrupt
                0x0000e7a0                XMbox_SetSendThreshold
                0x0000e824                XMbox_SetReceiveThreshold
                0x0000e8a8                XMbox_GetStatus
 .text          0x0000e940       0x24 ../../wlan_bsp_cpu_high/mb_high/lib\libxil.a(xmbox_sinit.o)
                0x0000e940                XMbox_LookupConfig
 .text          0x0000e964      0x6ec ../../wlan_bsp_cpu_high/mb_high/lib\libxil.a(xmutex.o)
                0x0000e964                XMutex_CfgInitialize
                0x0000eab4                XMutex_Lock
                0x0000eb5c                XMutex_Trylock
                0x0000ec28                XMutex_Unlock
                0x0000ecf4                XMutex_IsLocked
                0x0000ed98                XMutex_GetStatus
                0x0000ee90                XMutex_GetUser
                0x0000ef8c                XMutex_SetUser
 .text          0x0000f050       0x24 ../../wlan_bsp_cpu_high/mb_high/lib\libxil.a(xmutex_sinit.o)
                0x0000f050                XMutex_LookupConfig
 .text          0x0000f074       0x50 ../../wlan_bsp_cpu_high/mb_high/lib\libxil.a(xbasic_types.o)
                0x0000f074                XAssert
                0x0000f0ac                XAssertSetCallback
                0x0000f0bc                XNullHandler
 .text          0x0000f0c4      0x450 ../../wlan_bsp_cpu_high/mb_high/lib\libxil.a(xllfifo.o)
                0x0000f250                XLlFifo_iWrite_Aligned
                0x0000f31c                XLlFifo_iRead_Aligned
                0x0000f3e8                XLlFifo_Initialize
 .text          0x0000f514      0x3cc ../../wlan_bsp_cpu_high/mb_high/lib\libxil.a(xstreamer.o)
                0x0000f514                XStrm_RxInitialize
                0x0000f578                XStrm_TxInitialize
                0x0000f5dc                XStrm_RxGetLen
                0x0000f614                XStrm_Read
                0x0000f760                XStrm_TxSetLen
                0x0000f7bc                XStrm_Write
 .text          0x0000f8e0       0x14 ../../wlan_bsp_cpu_high/mb_high/lib\libxil.a(microblaze_disable_exceptions.o)
                0x0000f8e0                microblaze_disable_exceptions
 .text          0x0000f8f4       0x20 ../../wlan_bsp_cpu_high/mb_high/lib\libxil.a(microblaze_disable_interrupts.o)
                0x0000f8f4                microblaze_disable_interrupts
 .text          0x0000f914       0x14 ../../wlan_bsp_cpu_high/mb_high/lib\libxil.a(microblaze_enable_exceptions.o)
                0x0000f914                microblaze_enable_exceptions
 .text          0x0000f928       0x20 ../../wlan_bsp_cpu_high/mb_high/lib\libxil.a(microblaze_enable_interrupts.o)
                0x0000f928                microblaze_enable_interrupts
 .text          0x0000f948       0x30 ../../wlan_bsp_cpu_high/mb_high/lib\libxil.a(microblaze_invalidate_dcache_range.o)
                0x0000f948                microblaze_invalidate_dcache_range
 .text          0x0000f978      0x24c ../../wlan_bsp_cpu_high/mb_high/lib\libxil.a(xilnet_arp.o)
                0x0000f978                xilnet_arp_reply
                0x0000faac                xilnet_arp
 .text          0x0000fbc4      0x124 ../../wlan_bsp_cpu_high/mb_high/lib\libxil.a(xilnet_icmp.o)
                0x0000fbc4                xilnet_icmp_echo_reply
                0x0000fcac                xilnet_icmp
 .text          0x0000fce8      0x2fc ../../wlan_bsp_cpu_high/mb_high/lib\libxil.a(xaxicdma_bd.o)
                0x0000fce8                XAxiCdma_BdClear
                0x0000fd10                XAxiCdma_BdClone
                0x0000fddc                XAxiCdma_BdGetNextPtr
                0x0000fde4                XAxiCdma_BdSetNextPtr
                0x0000fdec                XAxiCdma_BdGetSts
                0x0000fe00                XAxiCdma_BdClearSts
                0x0000fe08                XAxiCdma_BdSetSrcBufAddr
                0x0000fe38                XAxiCdma_BdGetSrcBufAddr
                0x0000fe40                XAxiCdma_BdSetDstBufAddr
                0x0000fe70                XAxiCdma_BdGetDstBufAddr
                0x0000fe78                XAxiCdma_BdSetLength
                0x0000fea4                XAxiCdma_BdGetLength
                0x0000feac                XAxiCdma_BdSetPhysAddr
                0x0000feb4                XAxiCdma_BdSetIsLite
                0x0000febc                XAxiCdma_BdSetHasDRE
                0x0000fec4                XAxiCdma_BdSetWordLen
                0x0000fecc                XAxiCdma_BdSetMaxLen
                0x0000fed4                XAxiCdma_BdGetPhysAddr
                0x0000fedc                XAxiCdma_DumpBd
 .text          0x0000ffe4        0x0 ../../wlan_bsp_cpu_high/mb_high/lib\libxil.a(xaxicdma_g.o)
 .text          0x0000ffe4        0x0 ../../wlan_bsp_cpu_high/mb_high/lib\libxil.a(xaxiethernet_g.o)
 .text          0x0000ffe4        0x0 ../../wlan_bsp_cpu_high/mb_high/lib\libxil.a(xaxidma_g.o)
 .text          0x0000ffe4        0x0 ../../wlan_bsp_cpu_high/mb_high/lib\libxil.a(xgpio_g.o)
 .text          0x0000ffe4        0x0 ../../wlan_bsp_cpu_high/mb_high/lib\libxil.a(xuartlite_g.o)
 .text          0x0000ffe4        0x0 ../../wlan_bsp_cpu_high/mb_high/lib\libxil.a(xmbox_g.o)
 .text          0x0000ffe4        0x0 ../../wlan_bsp_cpu_high/mb_high/lib\libxil.a(xmutex_g.o)
 .text          0x0000ffe4      0x6d8 c:/xilinx/14.4/ise_ds/edk/gnu/microblaze/nt64/bin/../lib/gcc/microblaze-xilinx-elf/4.6.2/bs/m/le\libgcc.a(_udivdi3.o)
                0x0000ffe4                __udivdi3
 .text          0x000106bc       0x9c c:/xilinx/14.4/ise_ds/edk/gnu/microblaze/nt64/bin/../lib/gcc/microblaze-xilinx-elf/4.6.2/bs/m/le\libgcc.a(modsi3.o)
                0x000106bc                __modsi3
 .text          0x00010758       0xa8 c:/xilinx/14.4/ise_ds/edk/gnu/microblaze/nt64/bin/../lib/gcc/microblaze-xilinx-elf/4.6.2/bs/m/le\libgcc.a(udivsi3.o)
                0x00010758                __udivsi3
 .text          0x00010800       0xbc c:/xilinx/14.4/ise_ds/edk/gnu/microblaze/nt64/bin/../lib/gcc/microblaze-xilinx-elf/4.6.2/bs/m/le\libgcc.a(umodsi3.o)
                0x00010800                __umodsi3
 .text          0x000108bc        0x0 c:/xilinx/14.4/ise_ds/edk/gnu/microblaze/nt64/bin/../lib/gcc/microblaze-xilinx-elf/4.6.2/bs/m/le\libgcc.a(_clz.o)
 .text          0x000108bc        0x0 ../../wlan_bsp_cpu_high/mb_high/lib\libc.a(lib_a-ctype_.o)
 .text          0x000108bc       0x40 ../../wlan_bsp_cpu_high/mb_high/lib\libc.a(lib_a-exit.o)
                0x000108bc                exit
 .text          0x000108fc        0x0 ../../wlan_bsp_cpu_high/mb_high/lib\libc.a(lib_a-impure.o)
 .text          0x000108fc       0x58 ../../wlan_bsp_cpu_high/mb_high/lib\libc.a(lib_a-malloc.o)
                0x000108fc                malloc
                0x00010928                free
 .text          0x00010954      0x8b0 ../../wlan_bsp_cpu_high/mb_high/lib\libc.a(lib_a-mallocr.o)
                0x00010954                _malloc_r
 .text          0x00011204       0xa0 ../../wlan_bsp_cpu_high/mb_high/lib\libc.a(lib_a-memcmp.o)
                0x00011204                memcmp
 .text          0x000112a4      0x1bc ../../wlan_bsp_cpu_high/mb_high/lib\libc.a(lib_a-memcpy.o)
                0x000112a4                memcpy
 .text          0x00011460      0x20c ../../wlan_bsp_cpu_high/mb_high/lib\libc.a(lib_a-memmove.o)
                0x00011460                memmove
 .text          0x0001166c      0x1e4 ../../wlan_bsp_cpu_high/mb_high/lib\libc.a(lib_a-memset.o)
                0x0001166c                memset
 .text          0x00011850       0x10 ../../wlan_bsp_cpu_high/mb_high/lib\libc.a(lib_a-mlock.o)
                0x00011850                __malloc_lock
                0x00011858                __malloc_unlock
 .text          0x00011860      0x154 ../../wlan_bsp_cpu_high/mb_high/lib\libc.a(lib_a-mstats.o)
                0x00011860                mallinfo
                0x00011894                malloc_stats
                0x000118bc                mallopt
                0x000118ec                _mstats_r
                0x0001194c                mstats
 .text          0x000119b4      0x1dc ../../wlan_bsp_cpu_high/mb_high/lib\libc.a(lib_a-rand.o)
                0x000119b4                srand
                0x00011a74                rand
 .text          0x00011b90       0x30 ../../wlan_bsp_cpu_high/mb_high/lib\libc.a(lib_a-realloc.o)
                0x00011b90                realloc
 .text          0x00011bc0      0x67c ../../wlan_bsp_cpu_high/mb_high/lib\libc.a(lib_a-reallocr.o)
                0x00011bc0                _realloc_r
 .text          0x0001223c       0x5c ../../wlan_bsp_cpu_high/mb_high/lib\libc.a(lib_a-sbrkr.o)
                0x0001223c                _sbrk_r
 .text          0x00012298       0xb0 ../../wlan_bsp_cpu_high/mb_high/lib\libc.a(lib_a-strcmp.o)
                0x00012298                strcmp
 .text          0x00012348       0x90 ../../wlan_bsp_cpu_high/mb_high/lib\libc.a(lib_a-strcpy.o)
                0x00012348                strcpy
 .text          0x000123d8       0x5c ../../wlan_bsp_cpu_high/mb_high/lib\libc.a(lib_a-strlen.o)
                0x000123d8                strlen
 .text          0x00012434       0x80 ../../wlan_bsp_cpu_high/mb_high/lib\libc.a(lib_a-strrchr.o)
                0x00012434                strrchr
 .text          0x000124b4      0x2e4 ../../wlan_bsp_cpu_high/mb_high/lib\libc.a(lib_a-__call_atexit.o)
                0x000124b4                __call_exitprocs
 .text          0x00012798      0x48c ../../wlan_bsp_cpu_high/mb_high/lib\libc.a(lib_a-findfp.o)
                0x000127a8                _cleanup_r
                0x000127d0                __sfmoreglue
                0x00012840                _cleanup
                0x00012870                __sinit
                0x00012a54                __sfp
                0x00012ba4                __sfp_lock_acquire
                0x00012bac                __sfp_lock_release
                0x00012bb4                __sinit_lock_acquire
                0x00012bbc                __sinit_lock_release
                0x00012bc4                __fp_lock_all
                0x00012bf4                __fp_unlock_all
 .text          0x00012c24       0x78 ../../wlan_bsp_cpu_high/mb_high/lib\libc.a(lib_a-fiprintf.o)
                0x00012c24                _fiprintf_r
                0x00012c54                fiprintf
 .text          0x00012c9c      0x430 ../../wlan_bsp_cpu_high/mb_high/lib\libc.a(lib_a-freer.o)
                0x00012c9c                _malloc_trim_r
                0x00012de8                _free_r
 .text          0x000130cc      0x190 ../../wlan_bsp_cpu_high/mb_high/lib\libc.a(lib_a-fwalk.o)
                0x000130cc                _fwalk
                0x0001318c                _fwalk_reent
 .text          0x0001325c      0x1c4 ../../wlan_bsp_cpu_high/mb_high/lib\libc.a(lib_a-mallinfor.o)
                0x0001325c                __malloc_update_mallinfo
                0x000132f4                _mallinfo_r
 .text          0x00013420      0x12c ../../wlan_bsp_cpu_high/mb_high/lib\libc.a(lib_a-malloptr.o)
                0x00013420                _mallopt_r
 .text          0x0001354c       0xd4 ../../wlan_bsp_cpu_high/mb_high/lib\libc.a(lib_a-mallstatsr.o)
                0x0001354c                _malloc_stats_r
 .text          0x00013620      0x374 ../../wlan_bsp_cpu_high/mb_high/lib\libc.a(lib_a-reent.o)
                0x00013620                cleanup_glue
                0x0001376c                _reclaim_reent
                0x0001390c                _wrapup_reent
 .text          0x00013994      0x184 ../../wlan_bsp_cpu_high/mb_high/lib\libc.a(lib_a-stdio.o)
                0x00013994                __sread
                0x000139f0                __seofread
                0x000139f8                __swrite
                0x00013a90                __sseek
                0x00013af4                __sclose
 .text          0x00013b18      0x1cc ../../wlan_bsp_cpu_high/mb_high/lib\libc.a(lib_a-strchr.o)
                0x00013b18                strchr
 .text          0x00013ce4     0x1c94 ../../wlan_bsp_cpu_high/mb_high/lib\libc.a(lib_a-vfiprintf.o)
                0x00013ce4                __sprint_r
                0x00013de0                _vfiprintf_r
                0x00015944                vfiprintf
 .text          0x00015978       0x64 ../../wlan_bsp_cpu_high/mb_high/lib\libc.a(lib_a-writer.o)
                0x00015978                _write_r
 .text          0x000159dc      0x1e4 ../../wlan_bsp_cpu_high/mb_high/lib\libc.a(lib_a-wsetup.o)
                0x000159dc                __swsetup_r
 .text          0x00015bc0       0x5c ../../wlan_bsp_cpu_high/mb_high/lib\libc.a(lib_a-closer.o)
                0x00015bc0                _close_r
 .text          0x00015c1c      0x1ac ../../wlan_bsp_cpu_high/mb_high/lib\libc.a(lib_a-fclose.o)
                0x00015c1c                _fclose_r
                0x00015da0                fclose
 .text          0x00015dc8      0x448 ../../wlan_bsp_cpu_high/mb_high/lib\libc.a(lib_a-fflush.o)
                0x00015dc8                __sflush_r
                0x0001602c                _fflush_r
                0x000160e0                fflush
 .text          0x00016210      0x2b8 ../../wlan_bsp_cpu_high/mb_high/lib\libc.a(lib_a-fputwc.o)
                0x000163ac                _fputwc_r
                0x000163ec                fputwc
 .text          0x000164c8      0x568 ../../wlan_bsp_cpu_high/mb_high/lib\libc.a(lib_a-fvwrite.o)
                0x000164c8                __sfvwrite_r
 .text          0x00016a30      0x184 ../../wlan_bsp_cpu_high/mb_high/lib\libc.a(lib_a-locale.o)
                0x00016a30                _setlocale_r
                0x00016ac4                __locale_charset
                0x00016ad4                __locale_mb_cur_max
                0x00016ae4                __locale_msgcharset
                0x00016af4                __locale_cjk_lang
                0x00016afc                _localeconv_r
                0x00016b0c                setlocale
                0x00016ba4                localeconv
 .text          0x00016bb4       0x64 ../../wlan_bsp_cpu_high/mb_high/lib\libc.a(lib_a-lseekr.o)
                0x00016bb4                _lseek_r
 .text          0x00016c18      0x1e4 ../../wlan_bsp_cpu_high/mb_high/lib\libc.a(lib_a-makebuf.o)
                0x00016c18                __smakebuf_r
 .text          0x00016dfc       0xf8 ../../wlan_bsp_cpu_high/mb_high/lib\libc.a(lib_a-memchr.o)
                0x00016dfc                memchr
 .text          0x00016ef4       0x64 ../../wlan_bsp_cpu_high/mb_high/lib\libc.a(lib_a-readr.o)
                0x00016ef4                _read_r
 .text          0x00016f58      0x208 ../../wlan_bsp_cpu_high/mb_high/lib\libc.a(lib_a-wbuf.o)
                0x00016f58                __swbuf_r
                0x00017134                __swbuf
 .text          0x00017160      0x198 ../../wlan_bsp_cpu_high/mb_high/lib\libc.a(lib_a-wcrtomb.o)
                0x00017160                _wcrtomb_r
                0x00017218                wcrtomb
 .text          0x000172f8       0x90 ../../wlan_bsp_cpu_high/mb_high/lib\libc.a(lib_a-wctomb_r.o)
                0x000172f8                __ascii_wctomb
                0x0001732c                _wctomb_r
 .text          0x00017388       0x60 ../../wlan_bsp_cpu_high/mb_high/lib\libc.a(lib_a-fstatr.o)
                0x00017388                _fstat_r
 .text          0x000173e8       0x5c ../../wlan_bsp_cpu_high/mb_high/lib\libc.a(lib_a-isattyr.o)
                0x000173e8                _isatty_r
 .text          0x00017444       0x14 ../../wlan_bsp_cpu_high/mb_high/lib\libxil.a(fstat.o)
                0x00017444                fstat
 .text          0x00017458        0x8 ../../wlan_bsp_cpu_high/mb_high/lib\libxil.a(isatty.o)
                0x00017458                isatty
 .text          0x00017460       0x2c ../../wlan_bsp_cpu_high/mb_high/lib\libxil.a(lseek.o)
                0x00017460                lseek
 .text          0x0001748c       0x64 ../../wlan_bsp_cpu_high/mb_high/lib\libxil.a(sbrk.o)
                0x0001748c                sbrk
 .text          0x000174f0       0x94 ../../wlan_bsp_cpu_high/mb_high/lib\libxil.a(write.o)
                0x000174f0                write
 .text          0x00017584       0x8c ../../wlan_bsp_cpu_high/mb_high/lib\libxil.a(read.o)
                0x00017584                read
 .text          0x00017610        0x8 ../../wlan_bsp_cpu_high/mb_high/lib\libxil.a(close.o)
                0x00017610                close
 .text          0x00017618       0x10 ../../wlan_bsp_cpu_high/mb_high/lib\libxil.a(errno.o)
                0x00017618                __errno
 .text          0x00017628       0x2c ../../wlan_bsp_cpu_high/mb_high/lib\libxil.a(inbyte.o)
                0x00017628                inbyte
 .text          0x00017654       0x70 c:/xilinx/14.4/ise_ds/edk/gnu/microblaze/nt64/bin/../lib/gcc/microblaze-xilinx-elf/4.6.2/bs/m/le\libgcc.a(_muldi3.o)
                0x00017654                __muldi3
 .text          0x000176c4      0x69c c:/xilinx/14.4/ise_ds/edk/gnu/microblaze/nt64/bin/../lib/gcc/microblaze-xilinx-elf/4.6.2/bs/m/le\libgcc.a(_umoddi3.o)
                0x000176c4                __umoddi3
 .text          0x00017d60       0x4c c:/xilinx/14.4/ise_ds/edk/gnu/microblaze/nt64/bin/../lib/gcc/microblaze-xilinx-elf/4.6.2/bs/m/le/crtend.o
 .text          0x00017dac        0x0 c:/xilinx/14.4/ise_ds/edk/gnu/microblaze/nt64/bin/../lib/gcc/microblaze-xilinx-elf/4.6.2/bs/m/le/crtn.o
 *(.text.*)
 .text.startup  0x00017dac      0x65c ./src/wlan_mac_ap.o
                0x00017dac                main
 *wlan_mac_common*(.text)
 *(.gnu.linkonce.t.*)

.init           0x00018408       0x3c
 *(.init)
 .init          0x00018408       0x18 c:/xilinx/14.4/ise_ds/edk/gnu/microblaze/nt64/bin/../lib/gcc/microblaze-xilinx-elf/4.6.2/bs/m/le/crti.o
                0x00018408                __init
 .init          0x00018420        0xc c:/xilinx/14.4/ise_ds/edk/gnu/microblaze/nt64/bin/../lib/gcc/microblaze-xilinx-elf/4.6.2/bs/m/le/crtbegin.o
 .init          0x0001842c        0xc c:/xilinx/14.4/ise_ds/edk/gnu/microblaze/nt64/bin/../lib/gcc/microblaze-xilinx-elf/4.6.2/bs/m/le/crtend.o
 .init          0x00018438        0xc c:/xilinx/14.4/ise_ds/edk/gnu/microblaze/nt64/bin/../lib/gcc/microblaze-xilinx-elf/4.6.2/bs/m/le/crtn.o

.fini           0x00018444       0x20
 *(.fini)
 .fini          0x00018444        0x8 c:/xilinx/14.4/ise_ds/edk/gnu/microblaze/nt64/bin/../lib/gcc/microblaze-xilinx-elf/4.6.2/bs/m/le/crti.o
                0x00018444                __fini
 .fini          0x0001844c        0xc c:/xilinx/14.4/ise_ds/edk/gnu/microblaze/nt64/bin/../lib/gcc/microblaze-xilinx-elf/4.6.2/bs/m/le/crtbegin.o
 .fini          0x00018458        0xc c:/xilinx/14.4/ise_ds/edk/gnu/microblaze/nt64/bin/../lib/gcc/microblaze-xilinx-elf/4.6.2/bs/m/le/crtn.o

.ctors          0x000303a8        0x8
                0x000303a8                __CTOR_LIST__ = .
                0x000303a8                ___CTORS_LIST___ = .
 *crtbegin.o(.ctors)
 .ctors         0x000303a8        0x4 c:/xilinx/14.4/ise_ds/edk/gnu/microblaze/nt64/bin/../lib/gcc/microblaze-xilinx-elf/4.6.2/bs/m/le/crtbegin.o
 *(EXCLUDE_FILE(*crtend.o) .ctors)
 *(SORT(.ctors.*))
 *(.ctors)
 .ctors         0x000303ac        0x4 c:/xilinx/14.4/ise_ds/edk/gnu/microblaze/nt64/bin/../lib/gcc/microblaze-xilinx-elf/4.6.2/bs/m/le/crtend.o
                0x000303b0                __CTOR_END__ = .
                0x000303b0                ___CTORS_END___ = .

.dtors          0x000303b0        0x8
                0x000303b0                __DTOR_LIST__ = .
                0x000303b0                ___DTORS_LIST___ = .
 *crtbegin.o(.dtors)
 .dtors         0x000303b0        0x4 c:/xilinx/14.4/ise_ds/edk/gnu/microblaze/nt64/bin/../lib/gcc/microblaze-xilinx-elf/4.6.2/bs/m/le/crtbegin.o
 *(EXCLUDE_FILE(*crtend.o) .dtors)
 *(SORT(.dtors.*))
 *(.dtors)
 .dtors         0x000303b4        0x4 c:/xilinx/14.4/ise_ds/edk/gnu/microblaze/nt64/bin/../lib/gcc/microblaze-xilinx-elf/4.6.2/bs/m/le/crtend.o
                0x000303b4                __DTOR_END__
                0x000303b8                PROVIDE (__DTOR_END__, .)
                0x000303b8                PROVIDE (___DTORS_END___, .)

.rodata         0x000303b8     0x4bc6
                0x000303b8                __rodata_start = .
 *(.rodata)
 .rodata        0x000303b8       0xb5 ./wlan_mac_high_framework/wlan_exp_common.o
 *fill*         0x0003046d        0x3 00
 .rodata        0x00030470      0xf9f ./wlan_mac_high_framework/wlan_exp_node.o
 *fill*         0x0003140f        0x1 00
 .rodata        0x00031410      0x2bf ./wlan_mac_high_framework/wlan_exp_transport.o
 *fill*         0x000316cf        0x1 00
 .rodata        0x000316d0      0x1bb ./wlan_mac_high_framework/wlan_mac_bss_info.o
 *fill*         0x0003188b        0x1 00
 .rodata        0x0003188c       0x6e ./wlan_mac_high_framework/wlan_mac_dl_list.o
 *fill*         0x000318fa        0x2 00
 .rodata        0x000318fc       0xce ./wlan_mac_high_framework/wlan_mac_entries.o
 *fill*         0x000319ca        0x2 00
 .rodata        0x000319cc      0x570 ./wlan_mac_high_framework/wlan_mac_eth_util.o
 .rodata        0x00031f3c      0x384 ./wlan_mac_high_framework/wlan_mac_event_log.o
 .rodata        0x000322c0      0xa50 ./wlan_mac_high_framework/wlan_mac_high.o
                0x00032cf8                bcast_addr
 .rodata        0x00032d10      0x2d1 ./wlan_mac_high_framework/wlan_mac_ltg.o
 *fill*         0x00032fe1        0x3 00
 .rodata        0x00032fe4      0x18a ./wlan_mac_high_framework/wlan_mac_queue.o
 *fill*         0x0003316e        0x2 00
 .rodata        0x00033170      0x119 ./wlan_mac_high_framework/wlan_mac_schedule.o
 *fill*         0x00033289        0x3 00
 .rodata        0x0003328c       0x70 ./wlan_mac_common/wlan_mac_ipc_util.o
 .rodata        0x000332fc      0x218 ./src/wlan_exp_node_ap.o
 .rodata        0x00033514      0x292 ./src/wlan_mac_ap.o
 *fill*         0x000337a6        0x2 00
 .rodata        0x000337a8      0x6d5 ./src/wlan_mac_ap_uart_menu.o
 *fill*         0x00033e7d        0x3 00
 .rodata        0x00033e80      0x164 ../../wlan_bsp_cpu_high/mb_high/lib\libxil.a(xil_printf.o)
 .rodata        0x00033fe4      0x218 ../../wlan_bsp_cpu_high/mb_high/lib\libxil.a(xilnet_eth.o)
 .rodata        0x000341fc       0x49 ../../wlan_bsp_cpu_high/mb_high/lib\libxil.a(xilnet_ip.o)
 *fill*         0x00034245        0x3 00
 .rodata        0x00034248       0x57 ../../wlan_bsp_cpu_high/mb_high/lib\libxil.a(xilnet_config.o)
 *fill*         0x0003429f        0x1 00
 .rodata        0x000342a0      0x238 ../../wlan_bsp_cpu_high/mb_high/lib\libxil.a(xilnet_xilsock.o)
 .rodata        0x000344d8       0xc7 ../../wlan_bsp_cpu_high/mb_high/lib\libxil.a(xaxicdma.o)
 *fill*         0x0003459f        0x1 00
 .rodata        0x000345a0        0xf ../../wlan_bsp_cpu_high/mb_high/lib\libxil.a(xaxiethernet.o)
 *fill*         0x000345af        0x1 00
 .rodata        0x000345b0      0x12f ../../wlan_bsp_cpu_high/mb_high/lib\libxil.a(xaxidma_bd.o)
 *fill*         0x000346df        0x1 00
 .rodata        0x000346e0       0x6b ../../wlan_bsp_cpu_high/mb_high/lib\libxil.a(xaxidma_bdring.o)
 *fill*         0x0003474b        0x1 00
 .rodata        0x0003474c        0x8 ../../wlan_bsp_cpu_high/mb_high/lib\libxil.a(xintc.o)
 .rodata        0x00034754        0xd ../../wlan_bsp_cpu_high/mb_high/lib\libxil.a(xintc_intr.o)
 *fill*         0x00034761        0x3 00
 .rodata        0x00034764        0x8 ../../wlan_bsp_cpu_high/mb_high/lib\libxil.a(xgpio.o)
 .rodata        0x0003476c        0xd ../../wlan_bsp_cpu_high/mb_high/lib\libxil.a(xgpio_intr.o)
 *fill*         0x00034779        0x3 00
 .rodata        0x0003477c        0xe ../../wlan_bsp_cpu_high/mb_high/lib\libxil.a(xgpio_sinit.o)
 *fill*         0x0003478a        0x2 00
 .rodata        0x0003478c        0xa ../../wlan_bsp_cpu_high/mb_high/lib\libxil.a(xtmrctr.o)
 *fill*         0x00034796        0x2 00
 .rodata        0x00034798        0xf ../../wlan_bsp_cpu_high/mb_high/lib\libxil.a(xtmrctr_intr.o)
 *fill*         0x000347a7        0x1 00
 .rodata        0x000347a8       0x4c ../../wlan_bsp_cpu_high/mb_high/lib\libxil.a(xtmrctr_options.o)
 .rodata        0x000347f4        0xc ../../wlan_bsp_cpu_high/mb_high/lib\libxil.a(xuartlite.o)
 .rodata        0x00034800       0x11 ../../wlan_bsp_cpu_high/mb_high/lib\libxil.a(xuartlite_intr.o)
 *fill*         0x00034811        0x3 00
 .rodata        0x00034814       0x12 ../../wlan_bsp_cpu_high/mb_high/lib\libxil.a(xuartlite_sinit.o)
 *fill*         0x00034826        0x2 00
 .rodata        0x00034828       0x12 ../../wlan_bsp_cpu_high/mb_high/lib\libxil.a(xuartlite_stats.o)
 *fill*         0x0003483a        0x2 00
 .rodata        0x0003483c        0x8 ../../wlan_bsp_cpu_high/mb_high/lib\libxil.a(xmbox.o)
 .rodata        0x00034844        0x9 ../../wlan_bsp_cpu_high/mb_high/lib\libxil.a(xmutex.o)
 *fill*         0x0003484d        0x3 00
 .rodata        0x00034850        0xa ../../wlan_bsp_cpu_high/mb_high/lib\libxil.a(xllfifo.o)
 *fill*         0x0003485a        0x2 00
 .rodata        0x0003485c        0xc ../../wlan_bsp_cpu_high/mb_high/lib\libxil.a(xstreamer.o)
 .rodata        0x00034868       0xeb ../../wlan_bsp_cpu_high/mb_high/lib\libxil.a(xaxicdma_bd.o)
 *fill*         0x00034953        0x1 00
 .rodata        0x00034954      0x100 c:/xilinx/14.4/ise_ds/edk/gnu/microblaze/nt64/bin/../lib/gcc/microblaze-xilinx-elf/4.6.2/bs/m/le\libgcc.a(_clz.o)
                0x00034954                __clz_tab
 .rodata        0x00034a54      0x284 ../../wlan_bsp_cpu_high/mb_high/lib\libc.a(lib_a-ctype_.o)
                0x00034a54                _ctype_
 .rodata        0x00034cd8        0x6 ../../wlan_bsp_cpu_high/mb_high/lib\libc.a(lib_a-impure.o)
                0x00034cd8                _global_impure_ptr
 *fill*         0x00034cde        0x2 00
 .rodata        0x00034ce0       0x21 ../../wlan_bsp_cpu_high/mb_high/lib\libc.a(lib_a-mstats.o)
 *fill*         0x00034d01        0x3 00
 .rodata        0x00034d04       0x60 ../../wlan_bsp_cpu_high/mb_high/lib\libc.a(lib_a-findfp.o)
                0x00034d04                __sf_fake_stderr
                0x00034d24                __sf_fake_stdout
                0x00034d44                __sf_fake_stdin
 .rodata        0x00034d64       0x51 ../../wlan_bsp_cpu_high/mb_high/lib\libc.a(lib_a-mallstatsr.o)
 *fill*         0x00034db5        0x3 00
 .rodata        0x00034db8      0x1b4 ../../wlan_bsp_cpu_high/mb_high/lib\libc.a(lib_a-vfiprintf.o)
 .rodata        0x00034f6c       0x12 ../../wlan_bsp_cpu_high/mb_high/lib\libc.a(lib_a-locale.o)
 *(.rodata.*)
 *(.gnu.linkonce.r.*)
                0x00034f7e                __rodata_end = .

.rela.dyn       0x00034f80        0x0
 .rela.text     0x00000000        0x0 c:/xilinx/14.4/ise_ds/edk/gnu/microblaze/nt64/bin/../lib/gcc/microblaze-xilinx-elf/4.6.2/../../../../microblaze-xilinx-elf/lib/bs/m/le/crt0.o
 .rela.vectors.sw_exception
                0x00000000        0x0 c:/xilinx/14.4/ise_ds/edk/gnu/microblaze/nt64/bin/../lib/gcc/microblaze-xilinx-elf/4.6.2/../../../../microblaze-xilinx-elf/lib/bs/m/le/crt0.o
 .rela.vectors.interrupt
                0x00000000        0x0 c:/xilinx/14.4/ise_ds/edk/gnu/microblaze/nt64/bin/../lib/gcc/microblaze-xilinx-elf/4.6.2/../../../../microblaze-xilinx-elf/lib/bs/m/le/crt0.o
 .rela.vectors.hw_exception
                0x00000000        0x0 c:/xilinx/14.4/ise_ds/edk/gnu/microblaze/nt64/bin/../lib/gcc/microblaze-xilinx-elf/4.6.2/../../../../microblaze-xilinx-elf/lib/bs/m/le/crt0.o
 .rela.text.startup
                0x00000000        0x0 c:/xilinx/14.4/ise_ds/edk/gnu/microblaze/nt64/bin/../lib/gcc/microblaze-xilinx-elf/4.6.2/../../../../microblaze-xilinx-elf/lib/bs/m/le/crt0.o
 .rela.data     0x00000000        0x0 c:/xilinx/14.4/ise_ds/edk/gnu/microblaze/nt64/bin/../lib/gcc/microblaze-xilinx-elf/4.6.2/../../../../microblaze-xilinx-elf/lib/bs/m/le/crt0.o

.sdata2         0x00034f7e        0x6
                0x00034f80                . = ALIGN (0x8)
 *fill*         0x00034f7e        0x2 00
                0x00034f80                __sdata2_start = .
 *(.sdata2)
 *(.sdata2.*)
 *(.gnu.linkonce.s2.*)
                0x00034f80                . = ALIGN (0x8)
                0x00034f80                __sdata2_end = .

.sbss2          0x00034f84        0x0
                0x00034f84                __sbss2_start = .
 *(.sbss2)
 *(.sbss2.*)
 *(.gnu.linkonce.sb2.*)
                0x00034f84                __sbss2_end = .

.data           0x00034f84      0x7b4
                0x00034f84                . = ALIGN (0x4)
                0x00034f84                __data_start = .
 *(.data)
 .data          0x00034f84        0x0 c:/xilinx/14.4/ise_ds/edk/gnu/microblaze/nt64/bin/../lib/gcc/microblaze-xilinx-elf/4.6.2/../../../../microblaze-xilinx-elf/lib/bs/m/le/crt0.o
 .data          0x00034f84        0x0 c:/xilinx/14.4/ise_ds/edk/gnu/microblaze/nt64/bin/../lib/gcc/microblaze-xilinx-elf/4.6.2/bs/m/le/crti.o
 .data          0x00034f84        0x8 c:/xilinx/14.4/ise_ds/edk/gnu/microblaze/nt64/bin/../lib/gcc/microblaze-xilinx-elf/4.6.2/bs/m/le/crtbegin.o
                0x00034f88                __dso_handle
 .data          0x00034f8c        0x0 c:/xilinx/14.4/ise_ds/edk/gnu/microblaze/nt64/bin/../lib/gcc/microblaze-xilinx-elf/4.6.2/../../../../microblaze-xilinx-elf/lib/bs/m/le/crtinit.o
 .data          0x00034f8c       0x19 ./wlan_mac_high_framework/wlan_exp_common.o
                0x00034f8c                print_type_queue
                0x00034f90                print_type_ltg
                0x00034f94                print_type_stats
                0x00034f98                print_type_event_log
                0x00034f9c                print_type_transport
                0x00034fa0                print_type_node
                0x00034fa4                wlan_exp_print_level
 *fill*         0x00034fa5        0x3 00
 .data          0x00034fa8       0x20 ./wlan_mac_high_framework/wlan_exp_node.o
                0x00034fa8                wlan_exp_tx_cmd_add_association_callback
                0x00034fac                wlan_exp_reset_bss_info_callback
                0x00034fb0                wlan_exp_reset_all_associations_callback
                0x00034fb4                wlan_exp_purge_all_data_tx_queue_callback
 .data          0x00034fc8        0xc ./wlan_mac_high_framework/wlan_exp_transport.o
                0x00034fc8                sock_async
                0x00034fcc                sock_bcast
                0x00034fd0                sock_unicast
 .data          0x00034fd4        0xe ./wlan_mac_high_framework/wlan_mac_addr_filter.o
 .data          0x00034fe2        0x0 ./wlan_mac_high_framework/wlan_mac_bss_info.o
 .data          0x00034fe2        0x0 ./wlan_mac_high_framework/wlan_mac_dl_list.o
 *fill*         0x00034fe2        0x2 00
 .data          0x00034fe4        0x4 ./wlan_mac_high_framework/wlan_mac_entries.o
                0x00034fe4                mac_payload_log_len
 .data          0x00034fe8        0x0 ./wlan_mac_high_framework/wlan_mac_eth_util.o
 .data          0x00034fe8        0x0 ./wlan_mac_high_framework/wlan_mac_event_log.o
 .data          0x00034fe8        0x8 ./wlan_mac_high_framework/wlan_mac_high.o
                0x00034fe8                right_shift_test
 .data          0x00034ff0        0x0 ./wlan_mac_high_framework/wlan_mac_ltg.o
 .data          0x00034ff0        0x0 ./wlan_mac_high_framework/wlan_mac_packet_types.o
 .data          0x00034ff0        0x0 ./wlan_mac_high_framework/wlan_mac_queue.o
 .data          0x00034ff0        0x0 ./wlan_mac_high_framework/wlan_mac_schedule.o
 .data          0x00034ff0        0x0 ./wlan_mac_common/wlan_mac_ipc_util.o
 .data          0x00034ff0        0x0 ./src/wlan_exp_node_ap.o
 .data          0x00034ff0        0xc ./src/wlan_mac_ap.o
                0x00034ff0                beacon_schedule_id
 .data          0x00034ffc        0x4 ./src/wlan_mac_ap_uart_menu.o
 .data          0x00035000        0x0 ../../wlan_bsp_cpu_high/mb_high/lib\libxil.a(xil_printf.o)
 .data          0x00035000        0x0 ../../wlan_bsp_cpu_high/mb_high/lib\libxil.a(_exception_handler.o)
 .data          0x00035000        0x0 ../../wlan_bsp_cpu_high/mb_high/lib\libxil.a(_program_clean.o)
 .data          0x00035000        0x0 ../../wlan_bsp_cpu_high/mb_high/lib\libxil.a(_program_init.o)
 .data          0x00035000       0x4c ../../wlan_bsp_cpu_high/mb_high/lib\libxil.a(hw_exception_handler.o)
                0x0003500c                MB_ExceptionVectorTable
 .data          0x0003504c        0x0 ../../wlan_bsp_cpu_high/mb_high/lib\libxil.a(microblaze_interrupt_handler.o)
 .data          0x0003504c        0x8 ../../wlan_bsp_cpu_high/mb_high/lib\libxil.a(microblaze_interrupts_g.o)
                0x0003504c                MB_InterruptVectorTable
 .data          0x00035054        0x0 ../../wlan_bsp_cpu_high/mb_high/lib\libxil.a(outbyte.o)
 .data          0x00035054        0x4 ../../wlan_bsp_cpu_high/mb_high/lib\libxil.a(xil_assert.o)
                0x00035054                Xil_AssertWait
 .data          0x00035058        0x0 ../../wlan_bsp_cpu_high/mb_high/lib\libxil.a(xil_exception.o)
 .data          0x00035058        0x0 ../../wlan_bsp_cpu_high/mb_high/lib\libxil.a(xil_io.o)
 .data          0x00035058        0x0 ../../wlan_bsp_cpu_high/mb_high/lib\libxil.a(xilnet_eth.o)
 .data          0x00035058        0x0 ../../wlan_bsp_cpu_high/mb_high/lib\libxil.a(xilnet_ip.o)
 .data          0x00035058        0x0 ../../wlan_bsp_cpu_high/mb_high/lib\libxil.a(xilnet_udp.o)
 .data          0x00035058        0x0 ../../wlan_bsp_cpu_high/mb_high/lib\libxil.a(xilnet_config.o)
 .data          0x00035058        0x0 ../../wlan_bsp_cpu_high/mb_high/lib\libxil.a(xilnet_xilsock.o)
 .data          0x00035058        0x0 ../../wlan_bsp_cpu_high/mb_high/lib\libxil.a(xaxicdma.o)
 .data          0x00035058        0x0 ../../wlan_bsp_cpu_high/mb_high/lib\libxil.a(xaxicdma_bdring.o)
 .data          0x00035058        0x0 ../../wlan_bsp_cpu_high/mb_high/lib\libxil.a(xaxicdma_intr.o)
 .data          0x00035058        0x0 ../../wlan_bsp_cpu_high/mb_high/lib\libxil.a(xaxicdma_sinit.o)
 .data          0x00035058        0x0 ../../wlan_bsp_cpu_high/mb_high/lib\libxil.a(xaxiethernet.o)
 .data          0x00035058        0x0 ../../wlan_bsp_cpu_high/mb_high/lib\libxil.a(xaxiethernet_sinit.o)
 .data          0x00035058        0x0 ../../wlan_bsp_cpu_high/mb_high/lib\libxil.a(xaxidma.o)
 .data          0x00035058        0x0 ../../wlan_bsp_cpu_high/mb_high/lib\libxil.a(xaxidma_bd.o)
 .data          0x00035058        0x0 ../../wlan_bsp_cpu_high/mb_high/lib\libxil.a(xaxidma_bdring.o)
 .data          0x00035058        0x0 ../../wlan_bsp_cpu_high/mb_high/lib\libxil.a(xaxidma_sinit.o)
 .data          0x00035058        0x0 ../../wlan_bsp_cpu_high/mb_high/lib\libxil.a(xintc.o)
 .data          0x00035058       0x68 ../../wlan_bsp_cpu_high/mb_high/lib\libxil.a(xintc_g.o)
                0x00035058                XIntc_ConfigTable
 .data          0x000350c0        0x0 ../../wlan_bsp_cpu_high/mb_high/lib\libxil.a(xintc_intr.o)
 .data          0x000350c0        0x0 ../../wlan_bsp_cpu_high/mb_high/lib\libxil.a(xintc_l.o)
 .data          0x000350c0        0x0 ../../wlan_bsp_cpu_high/mb_high/lib\libxil.a(xgpio.o)
 .data          0x000350c0        0x0 ../../wlan_bsp_cpu_high/mb_high/lib\libxil.a(xgpio_intr.o)
 .data          0x000350c0        0x0 ../../wlan_bsp_cpu_high/mb_high/lib\libxil.a(xgpio_sinit.o)
 .data          0x000350c0        0x0 ../../wlan_bsp_cpu_high/mb_high/lib\libxil.a(xtmrctr.o)
 .data          0x000350c0        0x8 ../../wlan_bsp_cpu_high/mb_high/lib\libxil.a(xtmrctr_g.o)
                0x000350c0                XTmrCtr_ConfigTable
 .data          0x000350c8        0x0 ../../wlan_bsp_cpu_high/mb_high/lib\libxil.a(xtmrctr_intr.o)
 .data          0x000350c8        0x2 ../../wlan_bsp_cpu_high/mb_high/lib\libxil.a(xtmrctr_l.o)
                0x000350c8                XTmrCtr_Offsets
 .data          0x000350ca        0x0 ../../wlan_bsp_cpu_high/mb_high/lib\libxil.a(xtmrctr_options.o)
 .data          0x000350ca        0x0 ../../wlan_bsp_cpu_high/mb_high/lib\libxil.a(xuartlite.o)
 .data          0x000350ca        0x0 ../../wlan_bsp_cpu_high/mb_high/lib\libxil.a(xuartlite_intr.o)
 .data          0x000350ca        0x0 ../../wlan_bsp_cpu_high/mb_high/lib\libxil.a(xuartlite_l.o)
 .data          0x000350ca        0x0 ../../wlan_bsp_cpu_high/mb_high/lib\libxil.a(xuartlite_sinit.o)
 .data          0x000350ca        0x0 ../../wlan_bsp_cpu_high/mb_high/lib\libxil.a(xuartlite_stats.o)
 .data          0x000350ca        0x0 ../../wlan_bsp_cpu_high/mb_high/lib\libxil.a(xmbox.o)
 .data          0x000350ca        0x0 ../../wlan_bsp_cpu_high/mb_high/lib\libxil.a(xmbox_sinit.o)
 .data          0x000350ca        0x0 ../../wlan_bsp_cpu_high/mb_high/lib\libxil.a(xmutex.o)
 .data          0x000350ca        0x0 ../../wlan_bsp_cpu_high/mb_high/lib\libxil.a(xmutex_sinit.o)
 *fill*         0x000350ca        0x2 00
 .data          0x000350cc        0x4 ../../wlan_bsp_cpu_high/mb_high/lib\libxil.a(xbasic_types.o)
                0x000350cc                XWaitInAssert
 .data          0x000350d0        0x0 ../../wlan_bsp_cpu_high/mb_high/lib\libxil.a(xllfifo.o)
 .data          0x000350d0        0x0 ../../wlan_bsp_cpu_high/mb_high/lib\libxil.a(xstreamer.o)
 .data          0x000350d0        0x0 ../../wlan_bsp_cpu_high/mb_high/lib\libxil.a(microblaze_disable_exceptions.o)
 .data          0x000350d0        0x0 ../../wlan_bsp_cpu_high/mb_high/lib\libxil.a(microblaze_disable_interrupts.o)
 .data          0x000350d0        0x0 ../../wlan_bsp_cpu_high/mb_high/lib\libxil.a(microblaze_enable_exceptions.o)
 .data          0x000350d0        0x0 ../../wlan_bsp_cpu_high/mb_high/lib\libxil.a(microblaze_enable_interrupts.o)
 .data          0x000350d0        0x0 ../../wlan_bsp_cpu_high/mb_high/lib\libxil.a(microblaze_invalidate_dcache_range.o)
 .data          0x000350d0        0x0 ../../wlan_bsp_cpu_high/mb_high/lib\libxil.a(xilnet_arp.o)
 .data          0x000350d0        0x0 ../../wlan_bsp_cpu_high/mb_high/lib\libxil.a(xilnet_icmp.o)
 .data          0x000350d0        0x0 ../../wlan_bsp_cpu_high/mb_high/lib\libxil.a(xaxicdma_bd.o)
 .data          0x000350d0       0x18 ../../wlan_bsp_cpu_high/mb_high/lib\libxil.a(xaxicdma_g.o)
                0x000350d0                XAxiCdma_ConfigTable
 .data          0x000350e8       0x48 ../../wlan_bsp_cpu_high/mb_high/lib\libxil.a(xaxiethernet_g.o)
                0x000350e8                XAxiEthernet_ConfigTable
 .data          0x00035130       0x30 ../../wlan_bsp_cpu_high/mb_high/lib\libxil.a(xaxidma_g.o)
                0x00035130                XAxiDma_ConfigTable
 .data          0x00035160       0x20 ../../wlan_bsp_cpu_high/mb_high/lib\libxil.a(xgpio_g.o)
                0x00035160                XGpio_ConfigTable
 .data          0x00035180       0x10 ../../wlan_bsp_cpu_high/mb_high/lib\libxil.a(xuartlite_g.o)
                0x00035180                XUartLite_ConfigTable
 .data          0x00035190        0xc ../../wlan_bsp_cpu_high/mb_high/lib\libxil.a(xmbox_g.o)
                0x00035190                XMbox_ConfigTable
 .data          0x0003519c       0x10 ../../wlan_bsp_cpu_high/mb_high/lib\libxil.a(xmutex_g.o)
                0x0003519c                XMutex_ConfigTable
 .data          0x000351ac        0x0 c:/xilinx/14.4/ise_ds/edk/gnu/microblaze/nt64/bin/../lib/gcc/microblaze-xilinx-elf/4.6.2/bs/m/le\libgcc.a(_udivdi3.o)
 .data          0x000351ac        0x0 c:/xilinx/14.4/ise_ds/edk/gnu/microblaze/nt64/bin/../lib/gcc/microblaze-xilinx-elf/4.6.2/bs/m/le\libgcc.a(modsi3.o)
 .data          0x000351ac        0x0 c:/xilinx/14.4/ise_ds/edk/gnu/microblaze/nt64/bin/../lib/gcc/microblaze-xilinx-elf/4.6.2/bs/m/le\libgcc.a(udivsi3.o)
 .data          0x000351ac        0x0 c:/xilinx/14.4/ise_ds/edk/gnu/microblaze/nt64/bin/../lib/gcc/microblaze-xilinx-elf/4.6.2/bs/m/le\libgcc.a(umodsi3.o)
 .data          0x000351ac        0x0 c:/xilinx/14.4/ise_ds/edk/gnu/microblaze/nt64/bin/../lib/gcc/microblaze-xilinx-elf/4.6.2/bs/m/le\libgcc.a(_clz.o)
 .data          0x000351ac        0x4 ../../wlan_bsp_cpu_high/mb_high/lib\libc.a(lib_a-ctype_.o)
                0x000351ac                __ctype_ptr__
 .data          0x000351b0        0x0 ../../wlan_bsp_cpu_high/mb_high/lib\libc.a(lib_a-exit.o)
 .data          0x000351b0       0xf4 ../../wlan_bsp_cpu_high/mb_high/lib\libc.a(lib_a-impure.o)
                0x000351b0                _impure_ptr
 .data          0x000352a4        0x0 ../../wlan_bsp_cpu_high/mb_high/lib\libc.a(lib_a-malloc.o)
 .data          0x000352a4      0x410 ../../wlan_bsp_cpu_high/mb_high/lib\libc.a(lib_a-mallocr.o)
                0x000352a4                __malloc_sbrk_base
                0x000352a8                __malloc_trim_threshold
                0x000352ac                __malloc_av_
 .data          0x000356b4        0x0 ../../wlan_bsp_cpu_high/mb_high/lib\libc.a(lib_a-memcmp.o)
 .data          0x000356b4        0x0 ../../wlan_bsp_cpu_high/mb_high/lib\libc.a(lib_a-memcpy.o)
 .data          0x000356b4        0x0 ../../wlan_bsp_cpu_high/mb_high/lib\libc.a(lib_a-memmove.o)
 .data          0x000356b4        0x0 ../../wlan_bsp_cpu_high/mb_high/lib\libc.a(lib_a-memset.o)
 .data          0x000356b4        0x0 ../../wlan_bsp_cpu_high/mb_high/lib\libc.a(lib_a-mlock.o)
 .data          0x000356b4        0x0 ../../wlan_bsp_cpu_high/mb_high/lib\libc.a(lib_a-mstats.o)
 .data          0x000356b4        0x0 ../../wlan_bsp_cpu_high/mb_high/lib\libc.a(lib_a-rand.o)
 .data          0x000356b4        0x0 ../../wlan_bsp_cpu_high/mb_high/lib\libc.a(lib_a-realloc.o)
 .data          0x000356b4        0x0 ../../wlan_bsp_cpu_high/mb_high/lib\libc.a(lib_a-reallocr.o)
 .data          0x000356b4        0x0 ../../wlan_bsp_cpu_high/mb_high/lib\libc.a(lib_a-sbrkr.o)
 .data          0x000356b4        0x0 ../../wlan_bsp_cpu_high/mb_high/lib\libc.a(lib_a-strcmp.o)
 .data          0x000356b4        0x0 ../../wlan_bsp_cpu_high/mb_high/lib\libc.a(lib_a-strcpy.o)
 .data          0x000356b4        0x0 ../../wlan_bsp_cpu_high/mb_high/lib\libc.a(lib_a-strlen.o)
 .data          0x000356b4        0x0 ../../wlan_bsp_cpu_high/mb_high/lib\libc.a(lib_a-strrchr.o)
 .data          0x000356b4        0x0 ../../wlan_bsp_cpu_high/mb_high/lib\libc.a(lib_a-__call_atexit.o)
 .data          0x000356b4        0x0 ../../wlan_bsp_cpu_high/mb_high/lib\libc.a(lib_a-findfp.o)
 .data          0x000356b4        0x0 ../../wlan_bsp_cpu_high/mb_high/lib\libc.a(lib_a-fiprintf.o)
 .data          0x000356b4        0x0 ../../wlan_bsp_cpu_high/mb_high/lib\libc.a(lib_a-freer.o)
 .data          0x000356b4        0x0 ../../wlan_bsp_cpu_high/mb_high/lib\libc.a(lib_a-fwalk.o)
 .data          0x000356b4        0x0 ../../wlan_bsp_cpu_high/mb_high/lib\libc.a(lib_a-mallinfor.o)
 .data          0x000356b4        0x0 ../../wlan_bsp_cpu_high/mb_high/lib\libc.a(lib_a-malloptr.o)
 .data          0x000356b4        0x0 ../../wlan_bsp_cpu_high/mb_high/lib\libc.a(lib_a-mallstatsr.o)
 .data          0x000356b4        0x0 ../../wlan_bsp_cpu_high/mb_high/lib\libc.a(lib_a-reent.o)
 .data          0x000356b4        0x0 ../../wlan_bsp_cpu_high/mb_high/lib\libc.a(lib_a-stdio.o)
 .data          0x000356b4        0x0 ../../wlan_bsp_cpu_high/mb_high/lib\libc.a(lib_a-strchr.o)
 .data          0x000356b4        0x0 ../../wlan_bsp_cpu_high/mb_high/lib\libc.a(lib_a-vfiprintf.o)
 .data          0x000356b4        0x0 ../../wlan_bsp_cpu_high/mb_high/lib\libc.a(lib_a-writer.o)
 .data          0x000356b4        0x0 ../../wlan_bsp_cpu_high/mb_high/lib\libc.a(lib_a-wsetup.o)
 .data          0x000356b4        0x0 ../../wlan_bsp_cpu_high/mb_high/lib\libc.a(lib_a-closer.o)
 .data          0x000356b4        0x0 ../../wlan_bsp_cpu_high/mb_high/lib\libc.a(lib_a-fclose.o)
 .data          0x000356b4        0x0 ../../wlan_bsp_cpu_high/mb_high/lib\libc.a(lib_a-fflush.o)
 .data          0x000356b4        0x0 ../../wlan_bsp_cpu_high/mb_high/lib\libc.a(lib_a-fputwc.o)
 .data          0x000356b4        0x0 ../../wlan_bsp_cpu_high/mb_high/lib\libc.a(lib_a-fvwrite.o)
 .data          0x000356b4       0x7c ../../wlan_bsp_cpu_high/mb_high/lib\libc.a(lib_a-locale.o)
                0x000356b4                __mb_cur_max
 .data          0x00035730        0x0 ../../wlan_bsp_cpu_high/mb_high/lib\libc.a(lib_a-lseekr.o)
 .data          0x00035730        0x0 ../../wlan_bsp_cpu_high/mb_high/lib\libc.a(lib_a-makebuf.o)
 .data          0x00035730        0x0 ../../wlan_bsp_cpu_high/mb_high/lib\libc.a(lib_a-memchr.o)
 .data          0x00035730        0x0 ../../wlan_bsp_cpu_high/mb_high/lib\libc.a(lib_a-readr.o)
 .data          0x00035730        0x0 ../../wlan_bsp_cpu_high/mb_high/lib\libc.a(lib_a-wbuf.o)
 .data          0x00035730        0x0 ../../wlan_bsp_cpu_high/mb_high/lib\libc.a(lib_a-wcrtomb.o)
 .data          0x00035730        0x4 ../../wlan_bsp_cpu_high/mb_high/lib\libc.a(lib_a-wctomb_r.o)
                0x00035730                __wctomb
 .data          0x00035734        0x0 ../../wlan_bsp_cpu_high/mb_high/lib\libc.a(lib_a-fstatr.o)
 .data          0x00035734        0x0 ../../wlan_bsp_cpu_high/mb_high/lib\libc.a(lib_a-isattyr.o)
 .data          0x00035734        0x0 ../../wlan_bsp_cpu_high/mb_high/lib\libxil.a(fstat.o)
 .data          0x00035734        0x0 ../../wlan_bsp_cpu_high/mb_high/lib\libxil.a(isatty.o)
 .data          0x00035734        0x0 ../../wlan_bsp_cpu_high/mb_high/lib\libxil.a(lseek.o)
 .data          0x00035734        0x0 ../../wlan_bsp_cpu_high/mb_high/lib\libxil.a(sbrk.o)
 .data          0x00035734        0x0 ../../wlan_bsp_cpu_high/mb_high/lib\libxil.a(write.o)
 .data          0x00035734        0x0 ../../wlan_bsp_cpu_high/mb_high/lib\libxil.a(read.o)
 .data          0x00035734        0x0 ../../wlan_bsp_cpu_high/mb_high/lib\libxil.a(close.o)
 .data          0x00035734        0x0 ../../wlan_bsp_cpu_high/mb_high/lib\libxil.a(errno.o)
 .data          0x00035734        0x0 ../../wlan_bsp_cpu_high/mb_high/lib\libxil.a(inbyte.o)
 .data          0x00035734        0x0 c:/xilinx/14.4/ise_ds/edk/gnu/microblaze/nt64/bin/../lib/gcc/microblaze-xilinx-elf/4.6.2/bs/m/le\libgcc.a(_muldi3.o)
 .data          0x00035734        0x0 c:/xilinx/14.4/ise_ds/edk/gnu/microblaze/nt64/bin/../lib/gcc/microblaze-xilinx-elf/4.6.2/bs/m/le\libgcc.a(_umoddi3.o)
 .data          0x00035734        0x4 c:/xilinx/14.4/ise_ds/edk/gnu/microblaze/nt64/bin/../lib/gcc/microblaze-xilinx-elf/4.6.2/bs/m/le/crtend.o
 .data          0x00035738        0x0 c:/xilinx/14.4/ise_ds/edk/gnu/microblaze/nt64/bin/../lib/gcc/microblaze-xilinx-elf/4.6.2/bs/m/le/crtn.o
 *(.data.*)
 *(.gnu.linkonce.d.*)
                0x00035738                __data_end = .

.eth_data       0x00035738      0xc00
 .eth_data      0x00035738      0xc00 ../../wlan_bsp_cpu_high/mb_high/lib\libxil.a(xilnet_config.o)
                0x00035738                ETH_1_send_buffer
                0x00035d38                ETH_1_recv_buffer

.got
 *(.got)

.got1
 *(.got1)

.got2
 *(.got2)

.eh_frame       0x00036338       0x7c
 *(.eh_frame)
 .eh_frame      0x00036338        0x0 c:/xilinx/14.4/ise_ds/edk/gnu/microblaze/nt64/bin/../lib/gcc/microblaze-xilinx-elf/4.6.2/bs/m/le/crtbegin.o
 .eh_frame      0x00036338       0x3c c:/xilinx/14.4/ise_ds/edk/gnu/microblaze/nt64/bin/../lib/gcc/microblaze-xilinx-elf/4.6.2/bs/m/le\libgcc.a(_udivdi3.o)
 .eh_frame      0x00036374       0x3c c:/xilinx/14.4/ise_ds/edk/gnu/microblaze/nt64/bin/../lib/gcc/microblaze-xilinx-elf/4.6.2/bs/m/le\libgcc.a(_umoddi3.o)
 .eh_frame      0x000363b0        0x4 c:/xilinx/14.4/ise_ds/edk/gnu/microblaze/nt64/bin/../lib/gcc/microblaze-xilinx-elf/4.6.2/bs/m/le/crtend.o

.jcr            0x000363b4        0x4
 *(.jcr)
 .jcr           0x000363b4        0x0 c:/xilinx/14.4/ise_ds/edk/gnu/microblaze/nt64/bin/../lib/gcc/microblaze-xilinx-elf/4.6.2/bs/m/le/crtbegin.o
 .jcr           0x000363b4        0x4 c:/xilinx/14.4/ise_ds/edk/gnu/microblaze/nt64/bin/../lib/gcc/microblaze-xilinx-elf/4.6.2/bs/m/le/crtend.o

.gcc_except_table
 *(.gcc_except_table)

.sdata          0x000363b8        0x0
                0x000363b8                . = ALIGN (0x8)
 *fill*         0x000363b8        0x0 00
                0x000363b8                __sdata_start = .
 *(.sdata)
 *(.sdata.*)
 *(.gnu.linkonce.s.*)
                0x000363b8                __sdata_end = .

.sbss           0x000363b8        0x0
                0x000363b8                . = ALIGN (0x4)
                0x000363b8                __sbss_start = .
 *(.sbss)
 *(.sbss.*)
 *(.gnu.linkonce.sb.*)
                0x000363b8                . = ALIGN (0x8)
                0x000363b8                __sbss_end = .

.tdata          0x000363b8        0x0
                0x000363b8                __tdata_start = .
 *(.tdata)
 *(.tdata.*)
 *(.gnu.linkonce.td.*)
                0x000363b8                __tdata_end = .

.tbss           0x000363b8        0x0
                0x000363b8                __tbss_start = .
 *(.tbss)
 *(.tbss.*)
 *(.gnu.linkonce.tb.*)
                0x000363b8                __tbss_end = .

.bss            0x000363b8     0x1840
                0x000363b8                . = ALIGN (0x4)
                0x000363b8                __bss_start = .
 *(.bss)
 .bss           0x000363b8        0x0 c:/xilinx/14.4/ise_ds/edk/gnu/microblaze/nt64/bin/../lib/gcc/microblaze-xilinx-elf/4.6.2/../../../../microblaze-xilinx-elf/lib/bs/m/le/crt0.o
 .bss           0x000363b8        0x0 c:/xilinx/14.4/ise_ds/edk/gnu/microblaze/nt64/bin/../lib/gcc/microblaze-xilinx-elf/4.6.2/bs/m/le/crti.o
 .bss           0x000363b8       0x20 c:/xilinx/14.4/ise_ds/edk/gnu/microblaze/nt64/bin/../lib/gcc/microblaze-xilinx-elf/4.6.2/bs/m/le/crtbegin.o
 .bss           0x000363d8        0x0 c:/xilinx/14.4/ise_ds/edk/gnu/microblaze/nt64/bin/../lib/gcc/microblaze-xilinx-elf/4.6.2/../../../../microblaze-xilinx-elf/lib/bs/m/le/crtinit.o
 .bss           0x000363d8        0x0 ./wlan_mac_high_framework/wlan_exp_common.o
 .bss           0x000363d8       0x70 ./wlan_mac_high_framework/wlan_exp_node.o
 .bss           0x00036448      0x774 ./wlan_mac_high_framework/wlan_exp_transport.o
 .bss           0x00036bbc        0x0 ./wlan_mac_high_framework/wlan_mac_addr_filter.o
 .bss           0x00036bbc       0x18 ./wlan_mac_high_framework/wlan_mac_bss_info.o
 .bss           0x00036bd4        0x0 ./wlan_mac_high_framework/wlan_mac_dl_list.o
 .bss           0x00036bd4        0x1 ./wlan_mac_high_framework/wlan_mac_entries.o
 *fill*         0x00036bd5        0x3 00
 .bss           0x00036bd8      0x69c ./wlan_mac_high_framework/wlan_mac_eth_util.o
 .bss           0x00037274       0x28 ./wlan_mac_high_framework/wlan_mac_event_log.o
 .bss           0x0003729c       0x5c ./wlan_mac_high_framework/wlan_mac_high.o
                0x000372a8                rx_ant_mode_tracker
 .bss           0x000372f8       0x24 ./wlan_mac_high_framework/wlan_mac_ltg.o